#
# There is insufficient memory for the Java Runtime Environment to continue.
# Native memory allocation (malloc) failed to allocate 1299376 bytes for Chunk::new
# Possible reasons:
#   The system is out of physical RAM or swap space
#   The process is running with CompressedOops enabled, and the Java Heap may be blocking the growth of the native heap
# Possible solutions:
#   Reduce memory load on the system
#   Increase physical memory or swap space
#   Check if swap backing store is full
#   Decrease Java heap size (-Xmx/-Xms)
#   Decrease number of Java threads
#   Decrease Java thread stack sizes (-Xss)
#   Set larger code cache with -XX:ReservedCodeCacheSize=
#   JVM is running with Zero Based Compressed Oops mode in which the Java heap is
#     placed in the first 32GB address space. The Java Heap base address is the
#     maximum limit for the native heap growth. Please use -XX:HeapBaseMinAddress
#     to set the Java Heap base and to place the Java Heap above 32GB virtual address.
# This output file may be truncated or incomplete.
#
#  Out of Memory Error (arena.cpp:184), pid=22576, tid=27424
#
# JRE version: OpenJDK Runtime Environment (18.0.1.1+2) (build 18.0.1.1+2-6)
# Java VM: OpenJDK 64-Bit Server VM (18.0.1.1+2-6, mixed mode, sharing, tiered, compressed oops, compressed class ptrs, g1 gc, windows-amd64)
# No core dump will be written. Minidumps are not enabled by default on client versions of Windows
#

---------------  S U M M A R Y ------------

Command Line: -javaagent:C:\Program Files\JetBrains\IntelliJ IDEA Community Edition 2022.1.1\lib\idea_rt.jar=54199:C:\Program Files\JetBrains\IntelliJ IDEA Community Edition 2022.1.1\bin -Dfile.encoding=UTF-8 gm.mafer.MaferApplicationWeb

Host: Intel(R) Core(TM) i7-7700HQ CPU @ 2.80GHz, 8 cores, 15G,  Windows 10 , 64 bit Build 19041 (10.0.19041.4957)
Time: Sun Oct 13 23:02:01 2024 Hora estándar de Argentina elapsed time: 2.830936 seconds (0d 0h 0m 2s)

---------------  T H R E A D  ---------------

Current thread (0x00000291bb5e4cc0):  JavaThread "C2 CompilerThread1" daemon [_thread_in_native, id=27424, stack(0x000000a695e00000,0x000000a695f00000)]


Current CompileTask:
C2:   2831 2424   !   4       java.net.URL::<init> (543 bytes)

Stack: [0x000000a695e00000,0x000000a695f00000]
Native frames: (J=compiled Java code, j=interpreted, Vv=VM code, C=native code)
V  [jvm.dll+0x69887a]
V  [jvm.dll+0x7f38bd]
V  [jvm.dll+0x7f51ce]
V  [jvm.dll+0x7f5883]
V  [jvm.dll+0x25ca3f]
V  [jvm.dll+0xb8c2f]
V  [jvm.dll+0xb8fa5]
V  [jvm.dll+0x385a31]
V  [jvm.dll+0x34f811]
V  [jvm.dll+0x34ecaa]
V  [jvm.dll+0x22fc21]
V  [jvm.dll+0x22eff1]
V  [jvm.dll+0x1b9cfc]
V  [jvm.dll+0x23e8ca]
V  [jvm.dll+0x23cbb5]
V  [jvm.dll+0x7a5fb1]
V  [jvm.dll+0x7a03ea]
V  [jvm.dll+0x697725]
C  [ucrtbase.dll+0x21bb2]
C  [KERNEL32.DLL+0x17374]
C  [ntdll.dll+0x4cc91]


---------------  P R O C E S S  ---------------

Threads class SMR info:
_java_thread_list=0x00000291bc85ef90, length=17, elements={
0x0000029193e2c420, 0x00000291b6bc71e0, 0x00000291b6bcbe50, 0x00000291b6be4010,
0x00000291b6be49b0, 0x00000291b6be5350, 0x00000291b6be5cf0, 0x00000291b6be69c0,
0x00000291b6be73a0, 0x00000291b6be9d90, 0x00000291bb0990b0, 0x00000291bb36bec0,
0x00000291bb36c380, 0x00000291bb5e4cc0, 0x00000291bbb39020, 0x00000291bbdc8320,
0x00000291bbf60950
}

Java Threads: ( => current thread )
  0x0000029193e2c420 JavaThread "main" [_thread_blocked, id=23812, stack(0x000000a694a00000,0x000000a694b00000)]
  0x00000291b6bc71e0 JavaThread "Reference Handler" daemon [_thread_blocked, id=19736, stack(0x000000a695100000,0x000000a695200000)]
  0x00000291b6bcbe50 JavaThread "Finalizer" daemon [_thread_blocked, id=10604, stack(0x000000a695200000,0x000000a695300000)]
  0x00000291b6be4010 JavaThread "Signal Dispatcher" daemon [_thread_blocked, id=26572, stack(0x000000a695300000,0x000000a695400000)]
  0x00000291b6be49b0 JavaThread "Attach Listener" daemon [_thread_blocked, id=8696, stack(0x000000a695400000,0x000000a695500000)]
  0x00000291b6be5350 JavaThread "Service Thread" daemon [_thread_blocked, id=28352, stack(0x000000a695500000,0x000000a695600000)]
  0x00000291b6be5cf0 JavaThread "Monitor Deflation Thread" daemon [_thread_blocked, id=25768, stack(0x000000a695600000,0x000000a695700000)]
  0x00000291b6be69c0 JavaThread "C2 CompilerThread0" daemon [_thread_in_native, id=20244, stack(0x000000a695700000,0x000000a695800000)]
  0x00000291b6be73a0 JavaThread "C1 CompilerThread0" daemon [_thread_in_native, id=23900, stack(0x000000a695800000,0x000000a695900000)]
  0x00000291b6be9d90 JavaThread "Sweeper thread" daemon [_thread_blocked, id=13404, stack(0x000000a695900000,0x000000a695a00000)]
  0x00000291bb0990b0 JavaThread "Common-Cleaner" daemon [_thread_blocked, id=25952, stack(0x000000a695a00000,0x000000a695b00000)]
  0x00000291bb36bec0 JavaThread "Monitor Ctrl-Break" daemon [_thread_in_native, id=18316, stack(0x000000a695b00000,0x000000a695c00000)]
  0x00000291bb36c380 JavaThread "Notification Thread" daemon [_thread_blocked, id=7312, stack(0x000000a695c00000,0x000000a695d00000)]
=>0x00000291bb5e4cc0 JavaThread "C2 CompilerThread1" daemon [_thread_in_native, id=27424, stack(0x000000a695e00000,0x000000a695f00000)]
  0x00000291bbb39020 JavaThread "Thread-0" [_thread_blocked, id=11752, stack(0x000000a696400000,0x000000a696500000)]
  0x00000291bbdc8320 JavaThread "restartedMain" [_thread_in_Java, id=8332, stack(0x000000a696500000,0x000000a696600000)]
  0x00000291bbf60950 JavaThread "C2 CompilerThread2" daemon [_thread_blocked, id=9616, stack(0x000000a696900000,0x000000a696a00000)]

Other Threads:
  0x00000291b6bc3e20 VMThread "VM Thread" [stack: 0x000000a695000000,0x000000a695100000] [id=24792]
  0x0000029193e2d3c0 WatcherThread "VM Periodic Task Thread" [stack: 0x000000a695d00000,0x000000a695e00000] [id=11736]
  0x0000029193e9b9d0 WorkerThread "GC Thread#0" [stack: 0x000000a694b00000,0x000000a694c00000] [id=28132]
  0x00000291bb970fd0 WorkerThread "GC Thread#1" [stack: 0x000000a695f00000,0x000000a696000000] [id=2536]
  0x00000291bb97ac30 WorkerThread "GC Thread#2" [stack: 0x000000a696000000,0x000000a696100000] [id=25744]
  0x00000291bb792e70 WorkerThread "GC Thread#3" [stack: 0x000000a696100000,0x000000a696200000] [id=22260]
  0x00000291bb786000 WorkerThread "GC Thread#4" [stack: 0x000000a696200000,0x000000a696300000] [id=27400]
  0x00000291bbc8e130 WorkerThread "GC Thread#5" [stack: 0x000000a696300000,0x000000a696400000] [id=15436]
  0x00000291bbf252b0 WorkerThread "GC Thread#6" [stack: 0x000000a696700000,0x000000a696800000] [id=20968]
  0x00000291bbe81b40 WorkerThread "GC Thread#7" [stack: 0x000000a696800000,0x000000a696900000] [id=28388]
  0x0000029193eadde0 ConcurrentGCThread "G1 Main Marker" [stack: 0x000000a694c00000,0x000000a694d00000] [id=3352]
  0x0000029193eae7d0 WorkerThread "G1 Conc#0" [stack: 0x000000a694d00000,0x000000a694e00000] [id=1196]
  0x00000291b6a7e160 ConcurrentGCThread "G1 Refine#0" [stack: 0x000000a694e00000,0x000000a694f00000] [id=26960]
  0x00000291b6a7ea70 ConcurrentGCThread "G1 Service" [stack: 0x000000a694f00000,0x000000a695000000] [id=27944]

Threads with active compile tasks:
C2 CompilerThread0     2865 2348   !   4       jdk.internal.loader.BuiltinClassLoader::loadClassOrNull (143 bytes)
C1 CompilerThread0     2865 2680       3       java.lang.invoke.LambdaFormEditor::bindArgumentForm (269 bytes)
C2 CompilerThread1     2865 2424   !   4       java.net.URL::<init> (543 bytes)

VM state: not at safepoint (normal execution)

VM Mutex/Monitor currently owned by a thread: None

Heap address: 0x0000000701400000, size: 4076 MB, Compressed Oops mode: Zero based, Oop shift amount: 3

CDS archive(s) mapped at: [0x0000000800000000-0x0000000800b90000-0x0000000800b90000), size 12124160, SharedBaseAddress: 0x0000000800000000, ArchiveRelocationMode: 0.
Compressed class space mapped at: 0x0000000800c00000-0x0000000840c00000, reserved size: 1073741824
Narrow klass base: 0x0000000800000000, Narrow klass shift: 0, Narrow klass range: 0x100000000

GC Precious Log:
 CardTable entry size: 512
 Card Set container configuration: InlinePtr #cards 4 size 8 Array Of Cards #cards 16 size 48 Howl #buckets 8 coarsen threshold 3686 Howl Bitmap #cards 512 size 80 coarsen threshold 460 Card regions per heap region 1 cards per card region 4096
 CPUs: 8 total, 8 available
 Memory: 16300M
 Large Page Support: Disabled
 NUMA Support: Disabled
 Compressed Oops: Enabled (Zero based)
 Heap Region Size: 2M
 Heap Min Capacity: 8M
 Heap Initial Capacity: 256M
 Heap Max Capacity: 4076M
 Pre-touch: Disabled
 Parallel Workers: 8
 Concurrent Workers: 2
 Concurrent Refinement Workers: 8
 Periodic GC: Disabled

Heap:
 garbage-first heap   total 262144K, used 58326K [0x0000000701400000, 0x0000000800000000)
  region size 2048K, 28 young (57344K), 2 survivors (4096K)
 Metaspace       used 21052K, committed 21312K, reserved 1114112K
  class space    used 2616K, committed 2752K, reserved 1048576K

Heap Regions: E=young(eden), S=young(survivor), O=old, HS=humongous(starts), HC=humongous(continues), CS=collection set, F=free, OA=open archive, CA=closed archive, TAMS=top-at-mark-start (previous, next)
|   0|0x0000000701400000, 0x0000000701600000, 0x0000000701600000|100%| O|  |TAMS 0x0000000701400000, 0x0000000701400000| Untracked 
|   1|0x0000000701600000, 0x0000000701800000, 0x0000000701800000|100%| O|  |TAMS 0x0000000701600000, 0x0000000701600000| Untracked 
|   2|0x0000000701800000, 0x0000000701a00000, 0x0000000701a00000|100%| O|  |TAMS 0x0000000701800000, 0x0000000701800000| Untracked 
|   3|0x0000000701a00000, 0x0000000701aa5a00, 0x0000000701c00000| 32%| O|  |TAMS 0x0000000701a00000, 0x0000000701a00000| Untracked 
|   4|0x0000000701c00000, 0x0000000701c00000, 0x0000000701e00000|  0%| F|  |TAMS 0x0000000701c00000, 0x0000000701c00000| Untracked 
|   5|0x0000000701e00000, 0x0000000701e00000, 0x0000000702000000|  0%| F|  |TAMS 0x0000000701e00000, 0x0000000701e00000| Untracked 
|   6|0x0000000702000000, 0x0000000702000000, 0x0000000702200000|  0%| F|  |TAMS 0x0000000702000000, 0x0000000702000000| Untracked 
|   7|0x0000000702200000, 0x0000000702200000, 0x0000000702400000|  0%| F|  |TAMS 0x0000000702200000, 0x0000000702200000| Untracked 
|   8|0x0000000702400000, 0x0000000702400000, 0x0000000702600000|  0%| F|  |TAMS 0x0000000702400000, 0x0000000702400000| Untracked 
|   9|0x0000000702600000, 0x0000000702600000, 0x0000000702800000|  0%| F|  |TAMS 0x0000000702600000, 0x0000000702600000| Untracked 
|  10|0x0000000702800000, 0x0000000702800000, 0x0000000702a00000|  0%| F|  |TAMS 0x0000000702800000, 0x0000000702800000| Untracked 
|  11|0x0000000702a00000, 0x0000000702a00000, 0x0000000702c00000|  0%| F|  |TAMS 0x0000000702a00000, 0x0000000702a00000| Untracked 
|  12|0x0000000702c00000, 0x0000000702c00000, 0x0000000702e00000|  0%| F|  |TAMS 0x0000000702c00000, 0x0000000702c00000| Untracked 
|  13|0x0000000702e00000, 0x0000000702e00000, 0x0000000703000000|  0%| F|  |TAMS 0x0000000702e00000, 0x0000000702e00000| Untracked 
|  14|0x0000000703000000, 0x0000000703000000, 0x0000000703200000|  0%| F|  |TAMS 0x0000000703000000, 0x0000000703000000| Untracked 
|  15|0x0000000703200000, 0x0000000703200000, 0x0000000703400000|  0%| F|  |TAMS 0x0000000703200000, 0x0000000703200000| Untracked 
|  16|0x0000000703400000, 0x0000000703400000, 0x0000000703600000|  0%| F|  |TAMS 0x0000000703400000, 0x0000000703400000| Untracked 
|  17|0x0000000703600000, 0x0000000703600000, 0x0000000703800000|  0%| F|  |TAMS 0x0000000703600000, 0x0000000703600000| Untracked 
|  18|0x0000000703800000, 0x0000000703800000, 0x0000000703a00000|  0%| F|  |TAMS 0x0000000703800000, 0x0000000703800000| Untracked 
|  19|0x0000000703a00000, 0x0000000703a00000, 0x0000000703c00000|  0%| F|  |TAMS 0x0000000703a00000, 0x0000000703a00000| Untracked 
|  20|0x0000000703c00000, 0x0000000703c00000, 0x0000000703e00000|  0%| F|  |TAMS 0x0000000703c00000, 0x0000000703c00000| Untracked 
|  21|0x0000000703e00000, 0x0000000703e00000, 0x0000000704000000|  0%| F|  |TAMS 0x0000000703e00000, 0x0000000703e00000| Untracked 
|  22|0x0000000704000000, 0x0000000704000000, 0x0000000704200000|  0%| F|  |TAMS 0x0000000704000000, 0x0000000704000000| Untracked 
|  23|0x0000000704200000, 0x0000000704200000, 0x0000000704400000|  0%| F|  |TAMS 0x0000000704200000, 0x0000000704200000| Untracked 
|  24|0x0000000704400000, 0x0000000704400000, 0x0000000704600000|  0%| F|  |TAMS 0x0000000704400000, 0x0000000704400000| Untracked 
|  25|0x0000000704600000, 0x0000000704600000, 0x0000000704800000|  0%| F|  |TAMS 0x0000000704600000, 0x0000000704600000| Untracked 
|  26|0x0000000704800000, 0x0000000704800000, 0x0000000704a00000|  0%| F|  |TAMS 0x0000000704800000, 0x0000000704800000| Untracked 
|  27|0x0000000704a00000, 0x0000000704a00000, 0x0000000704c00000|  0%| F|  |TAMS 0x0000000704a00000, 0x0000000704a00000| Untracked 
|  28|0x0000000704c00000, 0x0000000704c00000, 0x0000000704e00000|  0%| F|  |TAMS 0x0000000704c00000, 0x0000000704c00000| Untracked 
|  29|0x0000000704e00000, 0x0000000704e00000, 0x0000000705000000|  0%| F|  |TAMS 0x0000000704e00000, 0x0000000704e00000| Untracked 
|  30|0x0000000705000000, 0x0000000705000000, 0x0000000705200000|  0%| F|  |TAMS 0x0000000705000000, 0x0000000705000000| Untracked 
|  31|0x0000000705200000, 0x0000000705200000, 0x0000000705400000|  0%| F|  |TAMS 0x0000000705200000, 0x0000000705200000| Untracked 
|  32|0x0000000705400000, 0x0000000705400000, 0x0000000705600000|  0%| F|  |TAMS 0x0000000705400000, 0x0000000705400000| Untracked 
|  33|0x0000000705600000, 0x0000000705600000, 0x0000000705800000|  0%| F|  |TAMS 0x0000000705600000, 0x0000000705600000| Untracked 
|  34|0x0000000705800000, 0x0000000705800000, 0x0000000705a00000|  0%| F|  |TAMS 0x0000000705800000, 0x0000000705800000| Untracked 
|  35|0x0000000705a00000, 0x0000000705a00000, 0x0000000705c00000|  0%| F|  |TAMS 0x0000000705a00000, 0x0000000705a00000| Untracked 
|  36|0x0000000705c00000, 0x0000000705c00000, 0x0000000705e00000|  0%| F|  |TAMS 0x0000000705c00000, 0x0000000705c00000| Untracked 
|  37|0x0000000705e00000, 0x0000000705e00000, 0x0000000706000000|  0%| F|  |TAMS 0x0000000705e00000, 0x0000000705e00000| Untracked 
|  38|0x0000000706000000, 0x0000000706000000, 0x0000000706200000|  0%| F|  |TAMS 0x0000000706000000, 0x0000000706000000| Untracked 
|  39|0x0000000706200000, 0x0000000706200000, 0x0000000706400000|  0%| F|  |TAMS 0x0000000706200000, 0x0000000706200000| Untracked 
|  40|0x0000000706400000, 0x0000000706400000, 0x0000000706600000|  0%| F|  |TAMS 0x0000000706400000, 0x0000000706400000| Untracked 
|  41|0x0000000706600000, 0x0000000706600000, 0x0000000706800000|  0%| F|  |TAMS 0x0000000706600000, 0x0000000706600000| Untracked 
|  42|0x0000000706800000, 0x0000000706800000, 0x0000000706a00000|  0%| F|  |TAMS 0x0000000706800000, 0x0000000706800000| Untracked 
|  43|0x0000000706a00000, 0x0000000706a00000, 0x0000000706c00000|  0%| F|  |TAMS 0x0000000706a00000, 0x0000000706a00000| Untracked 
|  44|0x0000000706c00000, 0x0000000706c00000, 0x0000000706e00000|  0%| F|  |TAMS 0x0000000706c00000, 0x0000000706c00000| Untracked 
|  45|0x0000000706e00000, 0x0000000706e00000, 0x0000000707000000|  0%| F|  |TAMS 0x0000000706e00000, 0x0000000706e00000| Untracked 
|  46|0x0000000707000000, 0x0000000707000000, 0x0000000707200000|  0%| F|  |TAMS 0x0000000707000000, 0x0000000707000000| Untracked 
|  47|0x0000000707200000, 0x0000000707200000, 0x0000000707400000|  0%| F|  |TAMS 0x0000000707200000, 0x0000000707200000| Untracked 
|  48|0x0000000707400000, 0x0000000707400000, 0x0000000707600000|  0%| F|  |TAMS 0x0000000707400000, 0x0000000707400000| Untracked 
|  49|0x0000000707600000, 0x0000000707600000, 0x0000000707800000|  0%| F|  |TAMS 0x0000000707600000, 0x0000000707600000| Untracked 
|  50|0x0000000707800000, 0x0000000707800000, 0x0000000707a00000|  0%| F|  |TAMS 0x0000000707800000, 0x0000000707800000| Untracked 
|  51|0x0000000707a00000, 0x0000000707a00000, 0x0000000707c00000|  0%| F|  |TAMS 0x0000000707a00000, 0x0000000707a00000| Untracked 
|  52|0x0000000707c00000, 0x0000000707c00000, 0x0000000707e00000|  0%| F|  |TAMS 0x0000000707c00000, 0x0000000707c00000| Untracked 
|  53|0x0000000707e00000, 0x0000000707e00000, 0x0000000708000000|  0%| F|  |TAMS 0x0000000707e00000, 0x0000000707e00000| Untracked 
|  54|0x0000000708000000, 0x0000000708000000, 0x0000000708200000|  0%| F|  |TAMS 0x0000000708000000, 0x0000000708000000| Untracked 
|  55|0x0000000708200000, 0x0000000708200000, 0x0000000708400000|  0%| F|  |TAMS 0x0000000708200000, 0x0000000708200000| Untracked 
|  56|0x0000000708400000, 0x0000000708400000, 0x0000000708600000|  0%| F|  |TAMS 0x0000000708400000, 0x0000000708400000| Untracked 
|  57|0x0000000708600000, 0x0000000708600000, 0x0000000708800000|  0%| F|  |TAMS 0x0000000708600000, 0x0000000708600000| Untracked 
|  58|0x0000000708800000, 0x0000000708800000, 0x0000000708a00000|  0%| F|  |TAMS 0x0000000708800000, 0x0000000708800000| Untracked 
|  59|0x0000000708a00000, 0x0000000708a00000, 0x0000000708c00000|  0%| F|  |TAMS 0x0000000708a00000, 0x0000000708a00000| Untracked 
|  60|0x0000000708c00000, 0x0000000708c00000, 0x0000000708e00000|  0%| F|  |TAMS 0x0000000708c00000, 0x0000000708c00000| Untracked 
|  61|0x0000000708e00000, 0x0000000708e00000, 0x0000000709000000|  0%| F|  |TAMS 0x0000000708e00000, 0x0000000708e00000| Untracked 
|  62|0x0000000709000000, 0x0000000709000000, 0x0000000709200000|  0%| F|  |TAMS 0x0000000709000000, 0x0000000709000000| Untracked 
|  63|0x0000000709200000, 0x0000000709200000, 0x0000000709400000|  0%| F|  |TAMS 0x0000000709200000, 0x0000000709200000| Untracked 
|  64|0x0000000709400000, 0x0000000709400000, 0x0000000709600000|  0%| F|  |TAMS 0x0000000709400000, 0x0000000709400000| Untracked 
|  65|0x0000000709600000, 0x0000000709600000, 0x0000000709800000|  0%| F|  |TAMS 0x0000000709600000, 0x0000000709600000| Untracked 
|  66|0x0000000709800000, 0x0000000709800000, 0x0000000709a00000|  0%| F|  |TAMS 0x0000000709800000, 0x0000000709800000| Untracked 
|  67|0x0000000709a00000, 0x0000000709a00000, 0x0000000709c00000|  0%| F|  |TAMS 0x0000000709a00000, 0x0000000709a00000| Untracked 
|  68|0x0000000709c00000, 0x0000000709c00000, 0x0000000709e00000|  0%| F|  |TAMS 0x0000000709c00000, 0x0000000709c00000| Untracked 
|  69|0x0000000709e00000, 0x0000000709e00000, 0x000000070a000000|  0%| F|  |TAMS 0x0000000709e00000, 0x0000000709e00000| Untracked 
|  70|0x000000070a000000, 0x000000070a000000, 0x000000070a200000|  0%| F|  |TAMS 0x000000070a000000, 0x000000070a000000| Untracked 
|  71|0x000000070a200000, 0x000000070a200000, 0x000000070a400000|  0%| F|  |TAMS 0x000000070a200000, 0x000000070a200000| Untracked 
|  72|0x000000070a400000, 0x000000070a400000, 0x000000070a600000|  0%| F|  |TAMS 0x000000070a400000, 0x000000070a400000| Untracked 
|  73|0x000000070a600000, 0x000000070a600000, 0x000000070a800000|  0%| F|  |TAMS 0x000000070a600000, 0x000000070a600000| Untracked 
|  74|0x000000070a800000, 0x000000070a800000, 0x000000070aa00000|  0%| F|  |TAMS 0x000000070a800000, 0x000000070a800000| Untracked 
|  75|0x000000070aa00000, 0x000000070aa00000, 0x000000070ac00000|  0%| F|  |TAMS 0x000000070aa00000, 0x000000070aa00000| Untracked 
|  76|0x000000070ac00000, 0x000000070ac00000, 0x000000070ae00000|  0%| F|  |TAMS 0x000000070ac00000, 0x000000070ac00000| Untracked 
|  77|0x000000070ae00000, 0x000000070ae00000, 0x000000070b000000|  0%| F|  |TAMS 0x000000070ae00000, 0x000000070ae00000| Untracked 
|  78|0x000000070b000000, 0x000000070b000000, 0x000000070b200000|  0%| F|  |TAMS 0x000000070b000000, 0x000000070b000000| Untracked 
|  79|0x000000070b200000, 0x000000070b200000, 0x000000070b400000|  0%| F|  |TAMS 0x000000070b200000, 0x000000070b200000| Untracked 
|  80|0x000000070b400000, 0x000000070b400000, 0x000000070b600000|  0%| F|  |TAMS 0x000000070b400000, 0x000000070b400000| Untracked 
|  81|0x000000070b600000, 0x000000070b600000, 0x000000070b800000|  0%| F|  |TAMS 0x000000070b600000, 0x000000070b600000| Untracked 
|  82|0x000000070b800000, 0x000000070b800000, 0x000000070ba00000|  0%| F|  |TAMS 0x000000070b800000, 0x000000070b800000| Untracked 
|  83|0x000000070ba00000, 0x000000070ba00000, 0x000000070bc00000|  0%| F|  |TAMS 0x000000070ba00000, 0x000000070ba00000| Untracked 
|  84|0x000000070bc00000, 0x000000070bc00000, 0x000000070be00000|  0%| F|  |TAMS 0x000000070bc00000, 0x000000070bc00000| Untracked 
|  85|0x000000070be00000, 0x000000070be00000, 0x000000070c000000|  0%| F|  |TAMS 0x000000070be00000, 0x000000070be00000| Untracked 
|  86|0x000000070c000000, 0x000000070c000000, 0x000000070c200000|  0%| F|  |TAMS 0x000000070c000000, 0x000000070c000000| Untracked 
|  87|0x000000070c200000, 0x000000070c200000, 0x000000070c400000|  0%| F|  |TAMS 0x000000070c200000, 0x000000070c200000| Untracked 
|  88|0x000000070c400000, 0x000000070c400000, 0x000000070c600000|  0%| F|  |TAMS 0x000000070c400000, 0x000000070c400000| Untracked 
|  89|0x000000070c600000, 0x000000070c600000, 0x000000070c800000|  0%| F|  |TAMS 0x000000070c600000, 0x000000070c600000| Untracked 
|  90|0x000000070c800000, 0x000000070c800000, 0x000000070ca00000|  0%| F|  |TAMS 0x000000070c800000, 0x000000070c800000| Untracked 
|  91|0x000000070ca00000, 0x000000070ca00000, 0x000000070cc00000|  0%| F|  |TAMS 0x000000070ca00000, 0x000000070ca00000| Untracked 
|  92|0x000000070cc00000, 0x000000070cc00000, 0x000000070ce00000|  0%| F|  |TAMS 0x000000070cc00000, 0x000000070cc00000| Untracked 
|  93|0x000000070ce00000, 0x000000070ce00000, 0x000000070d000000|  0%| F|  |TAMS 0x000000070ce00000, 0x000000070ce00000| Untracked 
|  94|0x000000070d000000, 0x000000070d000000, 0x000000070d200000|  0%| F|  |TAMS 0x000000070d000000, 0x000000070d000000| Untracked 
|  95|0x000000070d200000, 0x000000070d200000, 0x000000070d400000|  0%| F|  |TAMS 0x000000070d200000, 0x000000070d200000| Untracked 
|  96|0x000000070d400000, 0x000000070d400000, 0x000000070d600000|  0%| F|  |TAMS 0x000000070d400000, 0x000000070d400000| Untracked 
|  97|0x000000070d600000, 0x000000070d600000, 0x000000070d800000|  0%| F|  |TAMS 0x000000070d600000, 0x000000070d600000| Untracked 
|  98|0x000000070d800000, 0x000000070d800000, 0x000000070da00000|  0%| F|  |TAMS 0x000000070d800000, 0x000000070d800000| Untracked 
|  99|0x000000070da00000, 0x000000070da00000, 0x000000070dc00000|  0%| F|  |TAMS 0x000000070da00000, 0x000000070da00000| Untracked 
| 100|0x000000070dc00000, 0x000000070dd1c220, 0x000000070de00000| 55%| E|  |TAMS 0x000000070dc00000, 0x000000070dc00000| Complete 
| 101|0x000000070de00000, 0x000000070e000000, 0x000000070e000000|100%| E|CS|TAMS 0x000000070de00000, 0x000000070de00000| Complete 
| 102|0x000000070e000000, 0x000000070e200000, 0x000000070e200000|100%| E|CS|TAMS 0x000000070e000000, 0x000000070e000000| Complete 
| 103|0x000000070e200000, 0x000000070e400000, 0x000000070e400000|100%| E|CS|TAMS 0x000000070e200000, 0x000000070e200000| Complete 
| 104|0x000000070e400000, 0x000000070e600000, 0x000000070e600000|100%| E|CS|TAMS 0x000000070e400000, 0x000000070e400000| Complete 
| 105|0x000000070e600000, 0x000000070e800000, 0x000000070e800000|100%| E|CS|TAMS 0x000000070e600000, 0x000000070e600000| Complete 
| 106|0x000000070e800000, 0x000000070ea00000, 0x000000070ea00000|100%| E|CS|TAMS 0x000000070e800000, 0x000000070e800000| Complete 
| 107|0x000000070ea00000, 0x000000070ec00000, 0x000000070ec00000|100%| E|CS|TAMS 0x000000070ea00000, 0x000000070ea00000| Complete 
| 108|0x000000070ec00000, 0x000000070ee00000, 0x000000070ee00000|100%| E|CS|TAMS 0x000000070ec00000, 0x000000070ec00000| Complete 
| 109|0x000000070ee00000, 0x000000070f000000, 0x000000070f000000|100%| E|CS|TAMS 0x000000070ee00000, 0x000000070ee00000| Complete 
| 110|0x000000070f000000, 0x000000070f200000, 0x000000070f200000|100%| E|CS|TAMS 0x000000070f000000, 0x000000070f000000| Complete 
| 111|0x000000070f200000, 0x000000070f250088, 0x000000070f400000| 15%| S|CS|TAMS 0x000000070f200000, 0x000000070f200000| Complete 
| 112|0x000000070f400000, 0x000000070f600000, 0x000000070f600000|100%| S|CS|TAMS 0x000000070f400000, 0x000000070f400000| Complete 
| 113|0x000000070f600000, 0x000000070f800000, 0x000000070f800000|100%| E|  |TAMS 0x000000070f600000, 0x000000070f600000| Complete 
| 114|0x000000070f800000, 0x000000070fa00000, 0x000000070fa00000|100%| E|CS|TAMS 0x000000070f800000, 0x000000070f800000| Complete 
| 115|0x000000070fa00000, 0x000000070fc00000, 0x000000070fc00000|100%| E|CS|TAMS 0x000000070fa00000, 0x000000070fa00000| Complete 
| 116|0x000000070fc00000, 0x000000070fe00000, 0x000000070fe00000|100%| E|CS|TAMS 0x000000070fc00000, 0x000000070fc00000| Complete 
| 117|0x000000070fe00000, 0x0000000710000000, 0x0000000710000000|100%| E|CS|TAMS 0x000000070fe00000, 0x000000070fe00000| Complete 
| 118|0x0000000710000000, 0x0000000710200000, 0x0000000710200000|100%| E|CS|TAMS 0x0000000710000000, 0x0000000710000000| Complete 
| 119|0x0000000710200000, 0x0000000710400000, 0x0000000710400000|100%| E|CS|TAMS 0x0000000710200000, 0x0000000710200000| Complete 
| 120|0x0000000710400000, 0x0000000710600000, 0x0000000710600000|100%| E|CS|TAMS 0x0000000710400000, 0x0000000710400000| Complete 
| 121|0x0000000710600000, 0x0000000710800000, 0x0000000710800000|100%| E|CS|TAMS 0x0000000710600000, 0x0000000710600000| Complete 
| 122|0x0000000710800000, 0x0000000710a00000, 0x0000000710a00000|100%| E|CS|TAMS 0x0000000710800000, 0x0000000710800000| Complete 
| 123|0x0000000710a00000, 0x0000000710c00000, 0x0000000710c00000|100%| E|CS|TAMS 0x0000000710a00000, 0x0000000710a00000| Complete 
| 124|0x0000000710c00000, 0x0000000710e00000, 0x0000000710e00000|100%| E|CS|TAMS 0x0000000710c00000, 0x0000000710c00000| Complete 
| 125|0x0000000710e00000, 0x0000000711000000, 0x0000000711000000|100%| E|CS|TAMS 0x0000000710e00000, 0x0000000710e00000| Complete 
| 126|0x0000000711000000, 0x0000000711200000, 0x0000000711200000|100%| E|CS|TAMS 0x0000000711000000, 0x0000000711000000| Complete 
| 127|0x0000000711200000, 0x0000000711400000, 0x0000000711400000|100%| E|CS|TAMS 0x0000000711200000, 0x0000000711200000| Complete 

Card table byte_map: [0x00000291ab280000,0x00000291aba80000] _byte_map_base: 0x00000291a7a76000

Marking Bits (Prev, Next): (CMBitMap*) 0x0000029193e9bfd0, (CMBitMap*) 0x0000029193e9c010
 Prev Bits: [0x00000291ac280000, 0x00000291b0230000)
 Next Bits: [0x00000291b0230000, 0x00000291b41e0000)

Polling page: 0x0000029191ce0000

Metaspace:

Usage:
  Non-class:     18.05 MB used.
      Class:      2.56 MB used.
       Both:     20.61 MB used.

Virtual space:
  Non-class space:       64.00 MB reserved,      18.19 MB ( 28%) committed,  1 nodes.
      Class space:        1.00 GB reserved,       2.69 MB ( <1%) committed,  1 nodes.
             Both:        1.06 GB reserved,      20.88 MB (  2%) committed. 

Chunk freelists:
   Non-Class:  1.70 MB
       Class:  1.12 MB
        Both:  2.83 MB

MaxMetaspaceSize: unlimited
CompressedClassSpaceSize: 1.00 GB
Initial GC threshold: 21.00 MB
Current GC threshold: 21.00 MB
CDS: on
MetaspaceReclaimPolicy: balanced
 - commit_granule_bytes: 65536.
 - commit_granule_words: 8192.
 - virtual_space_node_default_size: 8388608.
 - enlarge_chunks_in_place: 1.
 - new_chunks_are_fully_committed: 0.
 - uncommit_free_chunks: 1.
 - use_allocation_guard: 0.


Internal statistics:

num_allocs_failed_limit: 0.
num_arena_births: 250.
num_arena_deaths: 0.
num_vsnodes_births: 2.
num_vsnodes_deaths: 0.
num_space_committed: 334.
num_space_uncommitted: 0.
num_chunks_returned_to_freelist: 0.
num_chunks_taken_from_freelist: 914.
num_chunk_merges: 0.
num_chunk_splits: 663.
num_chunks_enlarged: 538.
num_inconsistent_stats: 0.

CodeHeap 'non-profiled nmethods': size=120000Kb used=1067Kb max_used=1067Kb free=118933Kb
 bounds [0x00000291a3220000, 0x00000291a3490000, 0x00000291aa750000]
CodeHeap 'profiled nmethods': size=120000Kb used=5518Kb max_used=5518Kb free=114481Kb
 bounds [0x000002919bcf0000, 0x000002919c260000, 0x00000291a3220000]
CodeHeap 'non-nmethods': size=5760Kb used=1207Kb max_used=1264Kb free=4552Kb
 bounds [0x000002919b750000, 0x000002919b9c0000, 0x000002919bcf0000]
 total_blobs=3168 nmethods=2672 adapters=408
 compilation: enabled
              stopped_count=0, restarted_count=0
 full_count=0

Compilation events (20 events):
Event: 2.817 Thread 0x00000291b6be73a0 nmethod 2636 0x000002919c21ec90 code [0x000002919c21ee20, 0x000002919c21ef68]
Event: 2.817 Thread 0x00000291b6be73a0 2637       3       java.lang.reflect.ProxyGenerator$ProxyMethod::emitIconstInsn (75 bytes)
Event: 2.817 Thread 0x00000291b6be73a0 nmethod 2637 0x000002919c21f090 code [0x000002919c21f2c0, 0x000002919c21fb98]
Event: 2.817 Thread 0x00000291b6be73a0 2638       3       org.springframework.util.ObjectUtils::arrayEquals (272 bytes)
Event: 2.818 Thread 0x00000291bbf60950 nmethod 2614 0x00000291a3325d10 code [0x00000291a3325ea0, 0x00000291a33262f8]
Event: 2.818 Thread 0x00000291bbf60950 2591       4       jdk.internal.module.SystemModuleFinders$SystemModuleReader::find (59 bytes)
Event: 2.819 Thread 0x00000291b6be73a0 nmethod 2638 0x000002919c21fe10 code [0x000002919c2201e0, 0x000002919c222da8]
Event: 2.819 Thread 0x00000291b6be73a0 2639       3       org.springframework.core.annotation.AnnotationTypeMapping::filledIntArray (11 bytes)
Event: 2.819 Thread 0x00000291b6be73a0 nmethod 2639 0x000002919c223090 code [0x000002919c223240, 0x000002919c223408]
Event: 2.819 Thread 0x00000291b6be73a0 2630       1       java.util.zip.ZipFile$ZipFileInputStream::size (5 bytes)
Event: 2.819 Thread 0x00000291b6be73a0 nmethod 2630 0x00000291a3326510 code [0x00000291a33266a0, 0x00000291a3326778]
Event: 2.819 Thread 0x00000291b6be73a0 2640       3       sun.reflect.annotation.AnnotationParser::toArray (18 bytes)
Event: 2.819 Thread 0x00000291b6be73a0 nmethod 2640 0x000002919c223510 code [0x000002919c2236e0, 0x000002919c223a78]
Event: 2.821 Thread 0x00000291bbf60950 nmethod 2591 0x00000291a3326810 code [0x00000291a33269a0, 0x00000291a3326b08]
Event: 2.821 Thread 0x00000291bbf60950 2613       4       jdk.internal.module.SystemModuleFinders$SystemModuleReader::containsImageLocation (42 bytes)
Event: 2.822 Thread 0x00000291bbf60950 nmethod 2613 0x00000291a3326d10 code [0x00000291a3326ea0, 0x00000291a3326fe8]
Event: 2.822 Thread 0x00000291bbf60950 2543       4       jdk.internal.jimage.BasicImageReader::getLocationIndex (52 bytes)
Event: 2.825 Thread 0x00000291b6be73a0 2642       3       java.util.HashMap::putMapEntries (167 bytes)
Event: 2.825 Thread 0x00000291b6be73a0 nmethod 2642 0x000002919c223b90 code [0x000002919c223e60, 0x000002919c224ca8]
Event: 2.827 Thread 0x00000291b6be73a0 2643       3       org.springframework.asm.ClassReader::accept (1401 bytes)

GC Heap History (4 events):
Event: 1.084 GC heap before
{Heap before GC invocations=0 (full 0):
 garbage-first heap   total 262144K, used 20480K [0x0000000701400000, 0x0000000800000000)
  region size 2048K, 11 young (22528K), 0 survivors (0K)
 Metaspace       used 4731K, committed 4864K, reserved 1114112K
  class space    used 520K, committed 576K, reserved 1048576K
}
Event: 1.089 GC heap after
{Heap after GC invocations=1 (full 0):
 garbage-first heap   total 262144K, used 6776K [0x0000000701400000, 0x0000000800000000)
  region size 2048K, 2 young (4096K), 2 survivors (4096K)
 Metaspace       used 4731K, committed 4864K, reserved 1114112K
  class space    used 520K, committed 576K, reserved 1048576K
}
Event: 1.907 GC heap before
{Heap before GC invocations=1 (full 0):
 garbage-first heap   total 262144K, used 31352K [0x0000000701400000, 0x0000000800000000)
  region size 2048K, 15 young (30720K), 2 survivors (4096K)
 Metaspace       used 11244K, committed 11456K, reserved 1114112K
  class space    used 1382K, committed 1472K, reserved 1048576K
}
Event: 1.912 GC heap after
{Heap after GC invocations=2 (full 0):
 garbage-first heap   total 262144K, used 9174K [0x0000000701400000, 0x0000000800000000)
  region size 2048K, 2 young (4096K), 2 survivors (4096K)
 Metaspace       used 11244K, committed 11456K, reserved 1114112K
  class space    used 1382K, committed 1472K, reserved 1048576K
}

Deoptimization events (20 events):
Event: 2.593 Thread 0x00000291bbe00420 DEOPT PACKING pc=0x00000291a329a520 sp=0x000000a6966fdfe0
Event: 2.593 Thread 0x00000291bbe00420 DEOPT UNPACKING pc=0x000002919b7a23a3 sp=0x000000a6966fdf60 mode 2
Event: 2.600 Thread 0x00000291bbe00420 DEOPT PACKING pc=0x000002919c1a9266 sp=0x000000a6966fe200
Event: 2.600 Thread 0x00000291bbe00420 DEOPT UNPACKING pc=0x000002919b7a2b43 sp=0x000000a6966fd6c8 mode 0
Event: 2.637 Thread 0x00000291bbe00420 Uncommon trap: trap_request=0xffffff45 fr.pc=0x00000291a328e7ac relative=0x00000000000002ac
Event: 2.637 Thread 0x00000291bbe00420 Uncommon trap: reason=unstable_if action=reinterpret pc=0x00000291a328e7ac method=java.util.HashMap.putVal(ILjava/lang/Object;Ljava/lang/Object;ZZ)Ljava/lang/Object; @ 162 c2
Event: 2.637 Thread 0x00000291bbe00420 DEOPT PACKING pc=0x00000291a328e7ac sp=0x000000a6966fd640
Event: 2.637 Thread 0x00000291bbe00420 DEOPT UNPACKING pc=0x000002919b7a23a3 sp=0x000000a6966fd578 mode 2
Event: 2.637 Thread 0x00000291bbe00420 Uncommon trap: trap_request=0xffffffc6 fr.pc=0x00000291a32cac60 relative=0x0000000000000320
Event: 2.637 Thread 0x00000291bbe00420 Uncommon trap: reason=bimorphic_or_optimized_type_check action=maybe_recompile pc=0x00000291a32cac60 method=java.util.HashMap.getNode(Ljava/lang/Object;)Ljava/util/HashMap$Node; @ 128 c2
Event: 2.637 Thread 0x00000291bbe00420 DEOPT PACKING pc=0x00000291a32cac60 sp=0x000000a6966fd690
Event: 2.637 Thread 0x00000291bbe00420 DEOPT UNPACKING pc=0x000002919b7a23a3 sp=0x000000a6966fd598 mode 2
Event: 2.637 Thread 0x00000291bbe00420 Uncommon trap: trap_request=0xffffffc6 fr.pc=0x00000291a32c0dac relative=0x00000000000002ec
Event: 2.637 Thread 0x00000291bbe00420 Uncommon trap: reason=bimorphic_or_optimized_type_check action=maybe_recompile pc=0x00000291a32c0dac method=java.util.HashMap.getNode(Ljava/lang/Object;)Ljava/util/HashMap$Node; @ 128 c2
Event: 2.637 Thread 0x00000291bbe00420 DEOPT PACKING pc=0x00000291a32c0dac sp=0x000000a6966fd610
Event: 2.637 Thread 0x00000291bbe00420 DEOPT UNPACKING pc=0x000002919b7a23a3 sp=0x000000a6966fd598 mode 2
Event: 2.671 Thread 0x00000291bbdc8320 Uncommon trap: trap_request=0xffffff45 fr.pc=0x00000291a3315b8c relative=0x0000000000000ccc
Event: 2.671 Thread 0x00000291bbdc8320 Uncommon trap: reason=unstable_if action=reinterpret pc=0x00000291a3315b8c method=jdk.internal.jimage.ImageStringsReader.stringFromByteBufferMatches(Ljava/nio/ByteBuffer;ILjava/lang/String;I)I @ 48 c2
Event: 2.671 Thread 0x00000291bbdc8320 DEOPT PACKING pc=0x00000291a3315b8c sp=0x000000a6965fdb10
Event: 2.672 Thread 0x00000291bbdc8320 DEOPT UNPACKING pc=0x000002919b7a23a3 sp=0x000000a6965fd848 mode 2

Classes loaded (20 events):
Event: 2.648 Loading class sun/security/util/ObjectIdentifier
Event: 2.648 Loading class sun/security/util/ObjectIdentifier done
Event: 2.652 Loading class java/security/spec/ECFieldF2m
Event: 2.652 Loading class java/security/spec/ECFieldF2m done
Event: 2.660 Loading class sun/security/ssl/SunJSSE
Event: 2.660 Loading class sun/security/ssl/SunJSSE done
Event: 2.661 Loading class com/sun/crypto/provider/SunJCE
Event: 2.661 Loading class com/sun/crypto/provider/SunJCE done
Event: 2.668 Loading class com/sun/security/sasl/Provider
Event: 2.668 Loading class com/sun/security/sasl/Provider done
Event: 2.668 Loading class com/sun/security/sasl/Provider$1
Event: 2.668 Loading class com/sun/security/sasl/Provider$1 done
Event: 2.668 Loading class com/sun/security/sasl/Provider$ProviderService
Event: 2.669 Loading class com/sun/security/sasl/Provider$ProviderService done
Event: 2.669 Loading class sun/security/provider/certpath/ldap/JdkLDAP
Event: 2.669 Loading class sun/security/provider/certpath/ldap/JdkLDAP done
Event: 2.669 Loading class sun/security/provider/certpath/ldap/JdkLDAP$ProviderService
Event: 2.670 Loading class sun/security/provider/certpath/ldap/JdkLDAP$ProviderService done
Event: 2.809 Loading class java/nio/charset/CharacterCodingException
Event: 2.809 Loading class java/nio/charset/CharacterCodingException done

Classes unloaded (0 events):
No events

Classes redefined (0 events):
No events

Internal exceptions (20 events):
Event: 1.595 Thread 0x00000291bbdc8320 Exception <a 'java/lang/NoSuchMethodError'{0x00000007106d2b80}: 'int java.lang.invoke.DirectMethodHandle$Holder.invokeSpecialIFC(java.lang.Object, java.lang.Object, java.lang.Object, java.lang.Object)'> (0x00000007106d2b80) 
thrown [s\open\src\hotspot\share\interpreter\linkResolver.cpp, line 766]
Event: 1.627 Thread 0x00000291bbdc8320 Exception <a 'java/lang/NoSuchMethodError'{0x00000007107b2a78}: 'void java.lang.invoke.DirectMethodHandle$Holder.invokeInterface(java.lang.Object, java.lang.Object, java.lang.Object)'> (0x00000007107b2a78) 
thrown [s\open\src\hotspot\share\interpreter\linkResolver.cpp, line 766]
Event: 1.659 Thread 0x00000291bbdc8320 Exception <a 'java/lang/NoSuchMethodError'{0x000000071045b9e8}: 'void java.lang.invoke.DirectMethodHandle$Holder.invokeStaticInit(java.lang.Object, java.lang.Object, java.lang.Object)'> (0x000000071045b9e8) 
thrown [s\open\src\hotspot\share\interpreter\linkResolver.cpp, line 766]
Event: 1.667 Thread 0x00000291bbdc8320 Exception <a 'java/lang/NoSuchMethodError'{0x00000007104a0d90}: 'java.lang.Object java.lang.invoke.DirectMethodHandle$Holder.invokeStatic(java.lang.Object, java.lang.Object, long, java.lang.Object)'> (0x00000007104a0d90) 
thrown [s\open\src\hotspot\share\interpreter\linkResolver.cpp, line 766]
Event: 1.667 Thread 0x00000291bbdc8320 Exception <a 'java/lang/NoSuchMethodError'{0x00000007104a4820}: 'java.lang.Object java.lang.invoke.DirectMethodHandle$Holder.invokeStaticInit(java.lang.Object, java.lang.Object, long, java.lang.Object)'> (0x00000007104a4820) 
thrown [s\open\src\hotspot\share\interpreter\linkResolver.cpp, line 766]
Event: 1.668 Thread 0x00000291bbdc8320 Exception <a 'java/lang/NoSuchMethodError'{0x00000007104aaf28}: 'java.lang.Object java.lang.invoke.DirectMethodHandle$Holder.newInvokeSpecial(java.lang.Object, java.lang.Object, long)'> (0x00000007104aaf28) 
thrown [s\open\src\hotspot\share\interpreter\linkResolver.cpp, line 766]
Event: 1.668 Thread 0x00000291bbdc8320 Exception <a 'java/lang/NoSuchMethodError'{0x00000007104aeaa0}: 'java.lang.Object java.lang.invoke.Invokers$Holder.linkToTargetMethod(java.lang.Object, long, java.lang.Object)'> (0x00000007104aeaa0) 
thrown [s\open\src\hotspot\share\interpreter\linkResolver.cpp, line 766]
Event: 1.688 Thread 0x00000291bbdc8320 Exception <a 'java/lang/NoSuchMethodError'{0x0000000710508f48}: 'void java.lang.invoke.DirectMethodHandle$Holder.invokeVirtual(java.lang.Object, java.lang.Object, java.lang.Object, java.lang.Object)'> (0x0000000710508f48) 
thrown [s\open\src\hotspot\share\interpreter\linkResolver.cpp, line 766]
Event: 1.754 Thread 0x00000291bbdc8320 Exception <a 'java/lang/IncompatibleClassChangeError'{0x00000007102bdaa8}: Found class java.lang.Object, but interface was expected> (0x00000007102bdaa8) 
thrown [s\open\src\hotspot\share\interpreter\linkResolver.cpp, line 833]
Event: 2.160 Thread 0x00000291bbdc8320 Exception <a 'java/lang/NoSuchMethodError'{0x000000071067dd60}: 'java.lang.Object java.lang.invoke.DirectMethodHandle$Holder.invokeVirtual(java.lang.Object, java.lang.Object, java.lang.Object)'> (0x000000071067dd60) 
thrown [s\open\src\hotspot\share\interpreter\linkResolver.cpp, line 766]
Event: 2.166 Thread 0x00000291bbdc8320 Exception <a 'sun/nio/fs/WindowsException'{0x00000007107040a0}> (0x00000007107040a0) 
thrown [s\open\src\hotspot\share\prims\jni.cpp, line 516]
Event: 2.167 Thread 0x00000291bbdc8320 Exception <a 'java/lang/NoSuchMethodError'{0x0000000710705b60}: 'int java.lang.invoke.DirectMethodHandle$Holder.invokeSpecial(java.lang.Object, java.lang.Object, java.lang.Object, java.lang.Object, java.lang.Object)'> (0x0000000710705b60) 
thrown [s\open\src\hotspot\share\interpreter\linkResolver.cpp, line 766]
Event: 2.169 Thread 0x00000291bbdc8320 Exception <a 'java/lang/NoSuchMethodError'{0x000000071070ea18}: 'void java.lang.invoke.DirectMethodHandle$Holder.invokeVirtual(java.lang.Object, java.lang.Object)'> (0x000000071070ea18) 
thrown [s\open\src\hotspot\share\interpreter\linkResolver.cpp, line 766]
Event: 2.545 Thread 0x00000291bbe00420 Exception <a 'java/lang/NoSuchMethodError'{0x000000070e60c550}: 'long java.lang.invoke.DirectMethodHandle$Holder.invokeSpecial(java.lang.Object, java.lang.Object)'> (0x000000070e60c550) 
thrown [s\open\src\hotspot\share\interpreter\linkResolver.cpp, line 766]
Event: 2.546 Thread 0x00000291bbdc8320 Exception <a 'java/lang/IncompatibleClassChangeError'{0x000000070e636f88}: Found class java.lang.Object, but interface was expected> (0x000000070e636f88) 
thrown [s\open\src\hotspot\share\interpreter\linkResolver.cpp, line 833]
Event: 2.547 Thread 0x00000291bbe00420 Exception <a 'java/lang/NoSuchMethodError'{0x000000070e617530}: 'long java.lang.invoke.DirectMethodHandle$Holder.invokeStatic(java.lang.Object, java.lang.Object)'> (0x000000070e617530) 
thrown [s\open\src\hotspot\share\interpreter\linkResolver.cpp, line 766]
Event: 2.548 Thread 0x00000291bbe00420 Exception <a 'java/lang/NoSuchMethodError'{0x000000070e61a880}: 'long java.lang.invoke.DirectMethodHandle$Holder.invokeStaticInit(java.lang.Object, java.lang.Object)'> (0x000000070e61a880) 
thrown [s\open\src\hotspot\share\interpreter\linkResolver.cpp, line 766]
Event: 2.550 Thread 0x00000291bbe00420 Exception <a 'java/lang/NoSuchMethodError'{0x000000070e66f6e0}: 'long java.lang.invoke.DirectMethodHandle$Holder.invokeInterface(java.lang.Object, java.lang.Object)'> (0x000000070e66f6e0) 
thrown [s\open\src\hotspot\share\interpreter\linkResolver.cpp, line 766]
Event: 2.550 Thread 0x00000291bbe00420 Exception <a 'java/lang/IncompatibleClassChangeError'{0x000000070e6729c0}: Found class java.lang.Object, but interface was expected> (0x000000070e6729c0) 
thrown [s\open\src\hotspot\share\interpreter\linkResolver.cpp, line 833]
Event: 2.555 Thread 0x00000291bbe00420 Exception <a 'java/lang/NoSuchMethodError'{0x000000070e6d2bc0}: 'java.lang.Object java.lang.invoke.DirectMethodHandle$Holder.invokeVirtual(java.lang.Object, java.lang.Object, java.lang.Object, java.lang.Object)'> (0x000000070e6d2bc0) 
thrown [s\open\src\hotspot\share\interpreter\linkResolver.cpp, line 766]

VM Operations (20 events):
Event: 1.741 Executing VM operation: HandshakeAllThreads
Event: 1.742 Executing VM operation: HandshakeAllThreads done
Event: 1.744 Executing VM operation: ICBufferFull
Event: 1.745 Executing VM operation: ICBufferFull done
Event: 1.907 Executing VM operation: G1CollectForAllocation
Event: 1.912 Executing VM operation: G1CollectForAllocation done
Event: 2.060 Executing VM operation: HandshakeAllThreads
Event: 2.060 Executing VM operation: HandshakeAllThreads done
Event: 2.135 Executing VM operation: HandshakeAllThreads
Event: 2.135 Executing VM operation: HandshakeAllThreads done
Event: 2.305 Executing VM operation: HandshakeAllThreads
Event: 2.305 Executing VM operation: HandshakeAllThreads done
Event: 2.540 Executing VM operation: ICBufferFull
Event: 2.541 Executing VM operation: ICBufferFull done
Event: 2.606 Executing VM operation: HandshakeAllThreads
Event: 2.606 Executing VM operation: HandshakeAllThreads done
Event: 2.647 Executing VM operation: HandshakeAllThreads
Event: 2.647 Executing VM operation: HandshakeAllThreads done
Event: 2.826 Executing VM operation: ICBufferFull
Event: 2.826 Executing VM operation: ICBufferFull done

Events (20 events):
Event: 0.252 Loaded shared library C:\Program Files\Java\jdk-18.0.1.1\bin\zip.dll
Event: 0.259 Loaded shared library C:\Program Files\Java\jdk-18.0.1.1\bin\instrument.dll
Event: 0.270 Loaded shared library C:\Program Files\Java\jdk-18.0.1.1\bin\net.dll
Event: 0.272 Loaded shared library C:\Program Files\Java\jdk-18.0.1.1\bin\nio.dll
Event: 0.277 Loaded shared library C:\Program Files\Java\jdk-18.0.1.1\bin\zip.dll
Event: 0.527 Loaded shared library C:\Program Files\JetBrains\IntelliJ IDEA Community Edition 2022.1.1\bin\breakgen64.dll
Event: 0.528 Thread 0x00000291bb36bec0 Thread added: 0x00000291bb36bec0
Event: 0.528 Thread 0x00000291bb36c380 Thread added: 0x00000291bb36c380
Event: 0.589 Loaded shared library C:\Program Files\Java\jdk-18.0.1.1\bin\jimage.dll
Event: 0.708 Thread 0x00000291bb5e4cc0 Thread added: 0x00000291bb5e4cc0
Event: 1.006 Loaded shared library C:\Program Files\Java\jdk-18.0.1.1\bin\management.dll
Event: 1.010 Loaded shared library C:\Program Files\Java\jdk-18.0.1.1\bin\management_ext.dll
Event: 1.108 Thread 0x00000291bbb39020 Thread added: 0x00000291bbb39020
Event: 1.116 Thread 0x00000291bbdc8320 Thread added: 0x00000291bbdc8320
Event: 1.750 Thread 0x00000291bbe00420 Thread added: 0x00000291bbe00420
Event: 2.228 Thread 0x00000291bbf60950 Thread added: 0x00000291bbf60950
Event: 2.434 Thread 0x00000291bc08f900 Thread added: 0x00000291bc08f900
Event: 2.528 Thread 0x00000291bc08f900 Thread exited: 0x00000291bc08f900
Event: 2.625 Loaded shared library C:\Program Files\Java\jdk-18.0.1.1\bin\sunmscapi.dll
Event: 2.676 Thread 0x00000291bbe00420 Thread exited: 0x00000291bbe00420


Dynamic libraries:
0x00007ff6a4260000 - 0x00007ff6a426e000 	C:\Program Files\Java\jdk-18.0.1.1\bin\java.exe
0x00007ffb8ceb0000 - 0x00007ffb8d0a8000 	C:\WINDOWS\SYSTEM32\ntdll.dll
0x00007ffb8c110000 - 0x00007ffb8c1d2000 	C:\WINDOWS\System32\KERNEL32.DLL
0x00007ffb8aba0000 - 0x00007ffb8ae9e000 	C:\WINDOWS\System32\KERNELBASE.dll
0x00007ffb8a5e0000 - 0x00007ffb8a6e0000 	C:\WINDOWS\System32\ucrtbase.dll
0x00007ffb81f50000 - 0x00007ffb81f67000 	C:\Program Files\Java\jdk-18.0.1.1\bin\jli.dll
0x00007ffb7fba0000 - 0x00007ffb7fbba000 	C:\Program Files\Java\jdk-18.0.1.1\bin\VCRUNTIME140.dll
0x00007ffb8b930000 - 0x00007ffb8bacd000 	C:\WINDOWS\System32\USER32.dll
0x00007ffb763f0000 - 0x00007ffb7668a000 	C:\WINDOWS\WinSxS\amd64_microsoft.windows.common-controls_6595b64144ccf1df_6.0.19041.4355_none_60b8b9eb71f62e16\COMCTL32.dll
0x00007ffb8a960000 - 0x00007ffb8a982000 	C:\WINDOWS\System32\win32u.dll
0x00007ffb8c4e0000 - 0x00007ffb8c57e000 	C:\WINDOWS\System32\msvcrt.dll
0x00007ffb8c300000 - 0x00007ffb8c32b000 	C:\WINDOWS\System32\GDI32.dll
0x00007ffb8aa80000 - 0x00007ffb8ab97000 	C:\WINDOWS\System32\gdi32full.dll
0x00007ffb8a9e0000 - 0x00007ffb8aa7d000 	C:\WINDOWS\System32\msvcp_win.dll
0x00007ffb8aed0000 - 0x00007ffb8aeff000 	C:\WINDOWS\System32\IMM32.DLL
0x00007ffb84c10000 - 0x00007ffb84c1c000 	C:\Program Files\Java\jdk-18.0.1.1\bin\vcruntime140_1.dll
0x00007ffb52fe0000 - 0x00007ffb5306d000 	C:\Program Files\Java\jdk-18.0.1.1\bin\msvcp140.dll
0x00007ffb3b390000 - 0x00007ffb3bfa0000 	C:\Program Files\Java\jdk-18.0.1.1\bin\server\jvm.dll
0x00007ffb8bfc0000 - 0x00007ffb8c072000 	C:\WINDOWS\System32\ADVAPI32.dll
0x00007ffb8c1f0000 - 0x00007ffb8c290000 	C:\WINDOWS\System32\sechost.dll
0x00007ffb8bad0000 - 0x00007ffb8bbf3000 	C:\WINDOWS\System32\RPCRT4.dll
0x00007ffb8aea0000 - 0x00007ffb8aec7000 	C:\WINDOWS\System32\bcrypt.dll
0x00007ffb8c2f0000 - 0x00007ffb8c2f8000 	C:\WINDOWS\System32\PSAPI.DLL
0x00007ffb6fcc0000 - 0x00007ffb6fcc9000 	C:\WINDOWS\SYSTEM32\WSOCK32.dll
0x00007ffb7d440000 - 0x00007ffb7d467000 	C:\WINDOWS\SYSTEM32\WINMM.dll
0x00007ffb8ce00000 - 0x00007ffb8ce6b000 	C:\WINDOWS\System32\WS2_32.dll
0x00007ffb84140000 - 0x00007ffb8414a000 	C:\WINDOWS\SYSTEM32\VERSION.dll
0x00007ffb88d30000 - 0x00007ffb88d42000 	C:\WINDOWS\SYSTEM32\kernel.appcore.dll
0x00007ffb84450000 - 0x00007ffb8445a000 	C:\Program Files\Java\jdk-18.0.1.1\bin\jimage.dll
0x00007ffb7ca30000 - 0x00007ffb7cc14000 	C:\WINDOWS\SYSTEM32\DBGHELP.DLL
0x00007ffb70e80000 - 0x00007ffb70eb4000 	C:\WINDOWS\SYSTEM32\dbgcore.DLL
0x00007ffb8a550000 - 0x00007ffb8a5d2000 	C:\WINDOWS\System32\bcryptPrimitives.dll
0x00007ffb76940000 - 0x00007ffb7694e000 	C:\Program Files\Java\jdk-18.0.1.1\bin\instrument.dll
0x00007ffb5a180000 - 0x00007ffb5a1a5000 	C:\Program Files\Java\jdk-18.0.1.1\bin\java.dll
0x00007ffb51960000 - 0x00007ffb51a36000 	C:\Program Files\Java\jdk-18.0.1.1\bin\jsvml.dll
0x00007ffb8b0b0000 - 0x00007ffb8b81f000 	C:\WINDOWS\System32\SHELL32.dll
0x00007ffb88570000 - 0x00007ffb88d14000 	C:\WINDOWS\SYSTEM32\windows.storage.dll
0x00007ffb8bc00000 - 0x00007ffb8bf53000 	C:\WINDOWS\System32\combase.dll
0x00007ffb89f80000 - 0x00007ffb89fae000 	C:\WINDOWS\SYSTEM32\Wldp.dll
0x00007ffb8af00000 - 0x00007ffb8afcd000 	C:\WINDOWS\System32\OLEAUT32.dll
0x00007ffb8b880000 - 0x00007ffb8b92d000 	C:\WINDOWS\System32\SHCORE.dll
0x00007ffb8c0a0000 - 0x00007ffb8c0f5000 	C:\WINDOWS\System32\shlwapi.dll
0x00007ffb8a480000 - 0x00007ffb8a4a4000 	C:\WINDOWS\SYSTEM32\profapi.dll
0x00007ffb6f990000 - 0x00007ffb6f9a8000 	C:\Program Files\Java\jdk-18.0.1.1\bin\zip.dll
0x00007ffb75840000 - 0x00007ffb75853000 	C:\Program Files\Java\jdk-18.0.1.1\bin\net.dll
0x00007ffb80e20000 - 0x00007ffb80f2d000 	C:\WINDOWS\SYSTEM32\WINHTTP.dll
0x00007ffb89c90000 - 0x00007ffb89cfa000 	C:\WINDOWS\system32\mswsock.dll
0x00007ffb72b20000 - 0x00007ffb72b36000 	C:\Program Files\Java\jdk-18.0.1.1\bin\nio.dll
0x00007ffb6f650000 - 0x00007ffb6f66a000 	C:\Program Files\JetBrains\IntelliJ IDEA Community Edition 2022.1.1\bin\breakgen64.dll
0x00007ffb74f20000 - 0x00007ffb74f29000 	C:\Program Files\Java\jdk-18.0.1.1\bin\management.dll
0x00007ffb6f930000 - 0x00007ffb6f93b000 	C:\Program Files\Java\jdk-18.0.1.1\bin\management_ext.dll
0x00007ffb6f7b0000 - 0x00007ffb6f7be000 	C:\Program Files\Java\jdk-18.0.1.1\bin\sunmscapi.dll
0x00007ffb8a6e0000 - 0x00007ffb8a83c000 	C:\WINDOWS\System32\CRYPT32.dll
0x00007ffb89ff0000 - 0x00007ffb8a017000 	C:\WINDOWS\SYSTEM32\ncrypt.dll
0x00007ffb89fb0000 - 0x00007ffb89feb000 	C:\WINDOWS\SYSTEM32\NTASN1.dll

dbghelp: loaded successfully - version: 4.0.5 - missing functions: none
symbol engine: initialized successfully - sym options: 0x614 - pdb path: .;C:\Program Files\Java\jdk-18.0.1.1\bin;C:\WINDOWS\SYSTEM32;C:\WINDOWS\WinSxS\amd64_microsoft.windows.common-controls_6595b64144ccf1df_6.0.19041.4355_none_60b8b9eb71f62e16;C:\Program Files\Java\jdk-18.0.1.1\bin\server;C:\Program Files\JetBrains\IntelliJ IDEA Community Edition 2022.1.1\bin

VM Arguments:
jvm_args: -javaagent:C:\Program Files\JetBrains\IntelliJ IDEA Community Edition 2022.1.1\lib\idea_rt.jar=54199:C:\Program Files\JetBrains\IntelliJ IDEA Community Edition 2022.1.1\bin -Dfile.encoding=UTF-8 
java_command: gm.mafer.MaferApplicationWeb
java_class_path (initial): D:\DESARROLLO\ESBA\CUATRIMESTRE 4\03 MARTES - INTEGRACION DE SISTEMAS - PP\TESIS\MaferSpringRestWeb_v2\target\classes;C:\Users\Jorge\.m2\repository\org\springframework\boot\spring-boot-starter-data-jpa\3.3.3\spring-boot-starter-data-jpa-3.3.3.jar;C:\Users\Jorge\.m2\repository\org\springframework\boot\spring-boot-starter-aop\3.3.3\spring-boot-starter-aop-3.3.3.jar;C:\Users\Jorge\.m2\repository\org\aspectj\aspectjweaver\1.9.22.1\aspectjweaver-1.9.22.1.jar;C:\Users\Jorge\.m2\repository\org\springframework\boot\spring-boot-starter-jdbc\3.3.3\spring-boot-starter-jdbc-3.3.3.jar;C:\Users\Jorge\.m2\repository\com\zaxxer\HikariCP\5.1.0\HikariCP-5.1.0.jar;C:\Users\Jorge\.m2\repository\org\springframework\spring-jdbc\6.1.12\spring-jdbc-6.1.12.jar;C:\Users\Jorge\.m2\repository\org\hibernate\orm\hibernate-core\6.5.2.Final\hibernate-core-6.5.2.Final.jar;C:\Users\Jorge\.m2\repository\jakarta\persistence\jakarta.persistence-api\3.1.0\jakarta.persistence-api-3.1.0.jar;C:\Users\Jorge\.m2\repository\jakarta\transaction\jakarta.transaction-api\2.0.1\jakarta.transaction-api-2.0.1.jar;C:\Users\Jorge\.m2\repository\org\jboss\logging\jboss-logging\3.5.3.Final\jboss-logging-3.5.3.Final.jar;C:\Users\Jorge\.m2\repository\org\hibernate\common\hibernate-commons-annotations\6.0.6.Final\hibernate-commons-annotations-6.0.6.Final.jar;C:\Users\Jorge\.m2\repository\io\smallrye\jandex\3.1.2\jandex-3.1.2.jar;C:\Users\Jorge\.m2\repository\com\fasterxml\classmate\1.7.0\classmate-1.7.0.jar;C:\Users\Jorge\.m2\repository\net\bytebuddy\byte-buddy\1.14.19\byte-buddy-1.14.19.jar;C:\Users\Jorge\.m2\repository\org\glassfish\jaxb\jaxb-runtime\4.0.5\jaxb-runtime-4.0.5.jar;C:\Users\Jorge\.m2\repository\org\glassfish\jaxb\jaxb-core\4.0.5\jaxb-core-4.0.5.jar;C:\Users\Jorge\.m2\repository\org\eclipse\angus\angus-activation\2.0.2\angus-activation-2.0.2.jar;C:\Users\Jorge\.m2\repository\org\glassfish\jaxb\txw2\4.0.5\txw2-4.0.5.jar;C:\Users\Jorge\.m2\repository\com\sun\istack\istack-commons-runtime\4.1.2\istack-commons-runtime-4.1.2.jar;C:\Users\Jorge\.m2\repository\jakarta\inject\jakarta.inject-api\2.0.1\jakarta.inject-api-2.0.1.jar;C:\Users\Jorge\.m2\repository\org\antlr\antlr4-runtime\4.13.0\antlr4-runtime-4.13.0.jar;C:\Users\Jorge\.m2\repository\org\springframework\data\spring-data-jpa\3.3.3\spring-data-jpa-3.3.3.jar;C:\Users\Jorge\.m2\repository\org\springframework\data\spring-data-commons\3.3.3\spring-data-commons-3.3.3.jar;C:\Users\Jorge\.m2\repository\org\springframework\spring-orm\6.1.12\spring-orm-6.1.12.jar;C:\Users\Jorge\.m2\repository\org\springframework\spring-tx\6.1.12\spring-tx-6.1.12.jar;C:\Users\Jorge\.m2\repository\org\slf4j\slf4j-api\2.0.16\slf4j-api-2.0.16.jar;C:\Users\Jorge\.m2\repository\org\springframework\spring-aspects\6.1.12\spring-aspects-6.1.12.jar;C:\Users\Jorge\.m2\repository\org\springframework\boot\spring-boot-starter-web\3.3.3\spring-boot-starter-web-3.3.3.jar;C:\Users\Jorge\.m2\repository\org\springframework\boot\spring-boot-starter\3.3.3\spring-boot-starter-3.3.3.jar;C:\Users\Jorge\.m2\repository\org\springframework\boot\spring-boot-starter-logging\3.3.3\spring-boot-starter-logging-3.3.3.jar;C:\Users\Jorge\.m2\repository\ch\qos\logback\logback-classic\1.5.7\logback-classic-1.5.7.jar;C:\Users\Jorge\.m2\repository\ch\qos\logback\logback-core\1.5.7\logback-core-1.5.7.jar;C:\Users\Jorge\.m2\repository\org\apache\logging\log4j\log4j-to-slf4j\2.23.1\log4j-to-slf4j-2.23.1.jar;C:\Users\Jorge\.m2\repository\org\apache\logging\log4j\log4j-api\2.23.1\log4j-api-2.23.1.jar;C:\Users\Jorge\.m2\repository\org\slf4j\jul-to-slf4j\2.0.16\jul-to-slf4j-2.0.16.jar;C:\Users\Jorge\.m2\repository\org\yaml\snakeyaml\2.2\snakeyaml-2.2.jar;C:\Users\Jorge\.m2\repository\org\springframework\boot\spring-boot-starter-json\3.3.3\spring-boot-starter-json-3.3.3.jar;C:\Users\Jorge\.m2\repository\com\fasterxml\jackson\datatype\jackson-datatype-jdk8\2.17.2\jackson-datatype-jdk8-2.17.2.jar;C:\Users\Jorge\.m2\repository\com\fasterxml\jackson\datatype\jackson-datatype-jsr310\2.17.2\jackson-datatype-jsr310-2.17.2.jar;C:\Users\Jorge\.m2\repository\com\fasterxml\jackson\module\jackson-module-parameter-names\2.17.2\jackson-module-parameter-names-2.17.2.jar;C:\Users\Jorge\.m2\repository\org\springframework\spring-web\6.1.12\spring-web-6.1.12.jar;C:\Users\Jorge\.m2\repository\org\springframework\spring-webmvc\6.1.12\spring-webmvc-6.1.12.jar;C:\Users\Jorge\.m2\repository\org\springframework\boot\spring-boot-devtools\3.3.3\spring-boot-devtools-3.3.3.jar;C:\Users\Jorge\.m2\repository\org\springframework\boot\spring-boot\3.3.3\spring-boot-3.3.3.jar;C:\Users\Jorge\.m2\repository\org\springframework\boot\spring-boot-autoconfigure\3.3.3\spring-boot-autoconfigure-3.3.3.jar;C:\Users\Jorge\.m2\repository\com\mysql\mysql-connector-j\8.3.0\mysql-connector-j-8.3.0.jar;C:\Users\Jorge\.m2\repository\org\projectlombok\lombok\1.18.34\lombok-1.18.34.jar;C:\Users\Jorge\.m2\repository\jakarta\annotation\jakarta.annotation-api\2.1.1\jakarta.annotation-api-2.1.1.jar;C:\Users\Jorge\.m2\repository\org\apache\tomcat\embed\tomcat-embed-el\10.1.28\tomcat-embed-el-10.1.28.jar;C:\Users\Jorge\.m2\repository\org\springframework\spring-core\6.1.12\spring-core-6.1.12.jar;C:\Users\Jorge\.m2\repository\org\springframework\spring-jcl\6.1.12\spring-jcl-6.1.12.jar;C:\Users\Jorge\.m2\repository\org\apache\tomcat\embed\tomcat-embed-core\10.1.28\tomcat-embed-core-10.1.28.jar;C:\Users\Jorge\.m2\repository\org\apache\tomcat\tomcat-annotations-api\10.1.28\tomcat-annotations-api-10.1.28.jar;C:\Users\Jorge\.m2\repository\org\apache\tomcat\embed\tomcat-embed-jasper\10.1.28\tomcat-embed-jasper-10.1.28.jar;C:\Users\Jorge\.m2\repository\org\eclipse\jdt\ecj\3.33.0\ecj-3.33.0.jar;C:\Users\Jorge\.m2\repository\org\apache\tomcat\tomcat-jasper\10.1.28\tomcat-jasper-10.1.28.jar;C:\Users\Jorge\.m2\repository\org\apache\tomcat\tomcat-servlet-api\10.1.28\tomcat-servlet-api-10.1.28.jar;C:\Users\Jorge\.m2\repository\org\apache\tomcat\tomcat-juli\10.1.28\tomcat-juli-10.1.28.jar;C:\Users\Jorge\.m2\repository\org\apache\tomcat\tomcat-el-api\10.1.28\tomcat-el-api-10.1.28.jar;C:\Users\Jorge\.m2\repository\org\apache\tomcat\tomcat-api\10.1.28\tomcat-api-10.1.28.jar;C:\Users\Jorge\.m2\repository\org\apache\tomcat\tomcat-util-scan\10.1.28\tomcat-util-scan-10.1.28.jar;C:\Users\Jorge\.m2\repository\org\apache\tomcat\tomcat-util\10.1.28\tomcat-util-10.1.28.jar;C:\Users\Jorge\.m2\repository\org\apache\tomcat\tomcat-jasper-el\10.1.28\tomcat-jasper-el-10.1.28.jar;C:\Users\Jorge\.m2\repository\org\apache\tomcat\tomcat-jsp-api\10.1.28\tomcat-jsp-api-10.1.28.jar;C:\Users\Jorge\.m2\repository\io\jsonwebtoken\jjwt\0.9.1\jjwt-0.9.1.jar;C:\Users\Jorge\.m2\repository\com\fasterxml\jackson\core\jackson-databind\2.17.2\jackson-databind-2.17.2.jar;C:\Users\Jorge\.m2\repository\com\fasterxml\jackson\core\jackson-annotations\2.17.2\jackson-annotations-2.17.2.jar;C:\Users\Jorge\.m2\repository\com\fasterxml\jackson\core\jackson-core\2.17.2\jackson-core-2.17.2.jar;C:\Users\Jorge\.m2\repository\org\springframework\boot\spring-boot-starter-validation\3.3.3\spring-boot-starter-validation-3.3.3.jar;C:\Users\Jorge\.m2\repository\org\hibernate\validator\hibernate-validator\8.0.1.Final\hibernate-validator-8.0.1.Final.jar;C:\Users\Jorge\.m2\repository\jakarta\validation\jakarta.validation-api\3.0.2\jakarta.validation-api-3.0.2.jar;C:\Users\Jorge\.m2\repository\jakarta\xml\bind\jakarta.xml.bind-api\4.0.0\jakarta.xml.bind-api-4.0.0.jar;C:\Users\Jorge\.m2\repository\jakarta\activation\jakarta.activation-api\2.1.3\jakarta.activation-api-2.1.3.jar;C:\Users\Jorge\.m2\repository\org\springdoc\springdoc-openapi-starter-webmvc-ui\2.6.0\springdoc-openapi-starter-webmvc-ui-2.6.0.jar;C:\Users\Jorge\.m2\repository\org\springdoc\springdoc-openapi-starter-webmvc-api\2.6.0\springdoc-openapi-starter-webmvc-api-2.6.0.jar;C:\Users\Jorge\.m2\repository\org\springdoc\springdoc-openapi-starter-common\2.6.0\springdoc-openapi-starter-common-2.6.0.jar;C:\Users\Jorge\.m2\repository\io\swagger\core\v3\swagger-core-jakarta\2.2.22\swagger-core-jakarta-2.2.22.jar;C:\Users\Jorge\.m2\repository\org\apache\commons\commons-lang3\3.14.0\commons-lang3-3.14.0.jar;C:\Users\Jorge\.m2\repository\io\swagger\core\v3\swagger-annotations-jakarta\2.2.22\swagger-annotations-jakarta-2.2.22.jar;C:\Users\Jorge\.m2\repository\io\swagger\core\v3\swagger-models-jakarta\2.2.22\swagger-models-jakarta-2.2.22.jar;C:\Users\Jorge\.m2\repository\com\fasterxml\jackson\dataformat\jackson-dataformat-yaml\2.17.2\jackson-dataformat-yaml-2.17.2.jar;C:\Users\Jorge\.m2\repository\org\webjars\swagger-ui\5.17.14\swagger-ui-5.17.14.jar;C:\Users\Jorge\.m2\repository\org\springframework\security\spring-security-core\6.3.3\spring-security-core-6.3.3.jar;C:\Users\Jorge\.m2\repository\org\springframework\security\spring-security-crypto\6.3.3\spring-security-crypto-6.3.3.jar;C:\Users\Jorge\.m2\repository\org\springframework\spring-aop\6.1.12\spring-aop-6.1.12.jar;C:\Users\Jorge\.m2\repository\org\springframework\spring-beans\6.1.12\spring-beans-6.1.12.jar;C:\Users\Jorge\.m2\repository\org\springframework\spring-context\6.1.12\spring-context-6.1.12.jar;C:\Users\Jorge\.m2\repository\org\springframework\spring-expression\6.1.12\spring-expression-6.1.12.jar;C:\Users\Jorge\.m2\repository\io\micrometer\micrometer-observation\1.13.3\micrometer-observation-1.13.3.jar;C:\Users\Jorge\.m2\repository\io\micrometer\micrometer-commons\1.13.3\micrometer-commons-1.13.3.jar;C:\Users\Jorge\.m2\repository\org\springframework\security\spring-security-web\6.3.3\spring-security-web-6.3.3.jar;C:\Users\Jorge\.m2\repository\org\springframework\security\spring-security-config\6.3.3\spring-security-config-6.3.3.jar
Launcher Type: SUN_STANDARD

[Global flags]
     intx CICompilerCount                          = 4                                         {product} {ergonomic}
     uint ConcGCThreads                            = 2                                         {product} {ergonomic}
     uint G1ConcRefinementThreads                  = 8                                         {product} {ergonomic}
   size_t G1HeapRegionSize                         = 2097152                                   {product} {ergonomic}
    uintx GCDrainStackTargetSize                   = 64                                        {product} {ergonomic}
   size_t InitialHeapSize                          = 268435456                                 {product} {ergonomic}
   size_t MarkStackSize                            = 4194304                                   {product} {ergonomic}
   size_t MaxHeapSize                              = 4273995776                                {product} {ergonomic}
   size_t MaxNewSize                               = 2562719744                                {product} {ergonomic}
   size_t MinHeapDeltaBytes                        = 2097152                                   {product} {ergonomic}
   size_t MinHeapSize                              = 8388608                                   {product} {ergonomic}
    uintx NonNMethodCodeHeapSize                   = 5839372                                {pd product} {ergonomic}
    uintx NonProfiledCodeHeapSize                  = 122909434                              {pd product} {ergonomic}
    uintx ProfiledCodeHeapSize                     = 122909434                              {pd product} {ergonomic}
    uintx ReservedCodeCacheSize                    = 251658240                              {pd product} {ergonomic}
     bool SegmentedCodeCache                       = true                                      {product} {ergonomic}
   size_t SoftMaxHeapSize                          = 4273995776                             {manageable} {ergonomic}
     bool UseCompressedClassPointers               = true                           {product lp64_product} {ergonomic}
     bool UseCompressedOops                        = true                           {product lp64_product} {ergonomic}
     bool UseG1GC                                  = true                                      {product} {ergonomic}
     bool UseLargePagesIndividualAllocation        = false                                  {pd product} {ergonomic}

Logging:
Log output configuration:
 #0: stdout all=warning uptime,level,tags foldmultilines=false
 #1: stderr all=off uptime,level,tags foldmultilines=false

Environment Variables:
JAVA_HOME=C:\Program Files\Java\jdk-21
PATH=C:\Program Files\Common Files\Oracle\Java\javapath;C:\Program Files (x86)\Common Files\Oracle\Java\java8path;C:\Program Files (x86)\Common Files\Oracle\Java\javapath;C:\Program Files (x86)\Common Files\Intel\Shared Libraries\redist\intel64_win\compiler;C:\Program Files (x86)\Intel\iCLS Client\;C:\Program Files\Intel\iCLS Client\;C:\Windows\system32;C:\Windows;C:\Windows\System32\Wbem;C:\Windows\System32\WindowsPowerShell\v1.0\;C:\Program Files (x86)\NVIDIA Corporation\PhysX\Common;C:\Program Files (x86)\Intel\Intel(R) Management Engine Components\DAL;C:\Program Files\Intel\Intel(R) Management Engine Components\DAL;C:\Program Files (x86)\Intel\Intel(R) Management Engine Components\IPT;C:\Program Files\Intel\Intel(R) Management Engine Components\IPT;C:\Program Files\Intel\WiFi\bin\;C:\Program Files\Common Files\Intel\WirelessCommon\;C:\WINDOWS\system32;C:\WINDOWS;C:\WINDOWS\System32\Wbem;C:\WINDOWS\System32\WindowsPowerShell\v1.0\;C:\Program Files\dotnet\;C:\WINDOWS\System32\OpenSSH\;C:\Program Files\Microsoft SQL Server\140\Tools\Binn\;C:\Program Files\Microsoft SQL Server\130\Tools\Binn\;C:\Program Files\NVIDIA Corporation\NVIDIA NvDLISR;C:\WINDOWS\system32;C:\WINDOWS;C:\WINDOWS\System32\Wbem;C:\WINDOWS\System32\WindowsPowerShell\v1.0\;C:\WINDOWS\System32\OpenSSH\;C:\Program Files\Java\jdk-19\bin;C:\Program Files\Java\jdk-21\bin;C:\Program Files\Git\cmd;C:\Program Files (x86)\Microsoft SQL Server\90\Tools\binn\;C:\Program Files\Docker\Docker\resources\bin;C:\xampp\php;C:\Program Files\Java\jdk-21\bin;C:\Users\Jorge\AppData\Local\GitHubDesktop\bin;C:\Users\Jorge\AppData\Local\Programs\Microsoft VS Code\bin;C:\Users\Jorge\.dotnet\tools
USERNAME=Jorge
OS=Windows_NT
PROCESSOR_IDENTIFIER=Intel64 Family 6 Model 158 Stepping 9, GenuineIntel



---------------  S Y S T E M  ---------------

OS:
 Windows 10 , 64 bit Build 19041 (10.0.19041.4957)
OS uptime: 4 days 11:54 hours
Hyper-V role detected

CPU: total 8 (initial active 8) (4 cores per cpu, 2 threads per core) family 6 model 158 stepping 9 microcode 0xb4, cx8, cmov, fxsr, ht, mmx, 3dnowpref, sse, sse2, sse3, ssse3, sse4.1, sse4.2, popcnt, lzcnt, tsc, tscinvbit, avx, avx2, aes, erms, clmul, bmi1, bmi2, adx, fma, vzeroupper, clflush, clflushopt, hv

Memory: 4k page, system-wide physical 16300M (1439M free)
TotalPageFile size 24300M (AvailPageFile size 4M)
current process WorkingSet (physical memory assigned to process): 166M, peak: 166M
current process commit charge ("private bytes"): 410M, peak: 412M

vm_info: OpenJDK 64-Bit Server VM (18.0.1.1+2-6) for windows-amd64 JRE (18.0.1.1+2-6), built on Apr 25 2022 21:50:56 by "mach5one" with MS VC++ 16.8 / 16.9 (VS2019)

END.
