#
# There is insufficient memory for the Java Runtime Environment to continue.
# Native memory allocation (malloc) failed to allocate 262160 bytes for Chunk::new
# Possible reasons:
#   The system is out of physical RAM or swap space
#   The process is running with CompressedOops enabled, and the Java Heap may be blocking the growth of the native heap
# Possible solutions:
#   Reduce memory load on the system
#   Increase physical memory or swap space
#   Check if swap backing store is full
#   Decrease Java heap size (-Xmx/-Xms)
#   Decrease number of Java threads
#   Decrease Java thread stack sizes (-Xss)
#   Set larger code cache with -XX:ReservedCodeCacheSize=
#   JVM is running with Zero Based Compressed Oops mode in which the Java heap is
#     placed in the first 32GB address space. The Java Heap base address is the
#     maximum limit for the native heap growth. Please use -XX:HeapBaseMinAddress
#     to set the Java Heap base and to place the Java Heap above 32GB virtual address.
# This output file may be truncated or incomplete.
#
#  Out of Memory Error (arena.cpp:184), pid=22712, tid=14956
#
# JRE version: OpenJDK Runtime Environment (18.0.1.1+2) (build 18.0.1.1+2-6)
# Java VM: OpenJDK 64-Bit Server VM (18.0.1.1+2-6, mixed mode, sharing, tiered, compressed oops, compressed class ptrs, g1 gc, windows-amd64)
# No core dump will be written. Minidumps are not enabled by default on client versions of Windows
#

---------------  S U M M A R Y ------------

Command Line: -javaagent:C:\Program Files\JetBrains\IntelliJ IDEA Community Edition 2022.1.1\lib\idea_rt.jar=65032:C:\Program Files\JetBrains\IntelliJ IDEA Community Edition 2022.1.1\bin -Dfile.encoding=UTF-8 gm.mafer.MaferApplicationWeb

Host: Intel(R) Core(TM) i7-7700HQ CPU @ 2.80GHz, 8 cores, 15G,  Windows 10 , 64 bit Build 19041 (10.0.19041.4842)
Time: Wed Sep 11 19:25:07 2024 Hora estándar de Argentina elapsed time: 6.138343 seconds (0d 0h 0m 6s)

---------------  T H R E A D  ---------------

Current thread (0x0000023ff04b5220):  JavaThread "C2 CompilerThread2" daemon [_thread_in_native, id=14956, stack(0x0000004219b00000,0x0000004219c00000)]


Current CompileTask:
C2:   6138 5183   !   4       org.springframework.core.annotation.AnnotationsScanner::processMethodHierarchy (276 bytes)

Stack: [0x0000004219b00000,0x0000004219c00000]
Native frames: (J=compiled Java code, j=interpreted, Vv=VM code, C=native code)
V  [jvm.dll+0x69887a]
V  [jvm.dll+0x7f38bd]
V  [jvm.dll+0x7f51ce]
V  [jvm.dll+0x7f5883]
V  [jvm.dll+0x25ca3f]
V  [jvm.dll+0xb8c2f]
V  [jvm.dll+0xb8fa5]
V  [jvm.dll+0xb8d4b]
V  [jvm.dll+0x67744c]
V  [jvm.dll+0x236669]
V  [jvm.dll+0x6bb572]
V  [jvm.dll+0x22ed29]
V  [jvm.dll+0x1b9cfc]
V  [jvm.dll+0x23e8ca]
V  [jvm.dll+0x23cbb5]
V  [jvm.dll+0x7a5fb1]
V  [jvm.dll+0x7a03ea]
V  [jvm.dll+0x697725]
C  [ucrtbase.dll+0x21bb2]
C  [KERNEL32.DLL+0x17374]
C  [ntdll.dll+0x4cc91]


---------------  P R O C E S S  ---------------

Threads class SMR info:
_java_thread_list=0x0000023fef6498d0, length=23, elements={
0x0000023fc77c88a0, 0x0000023fea5689d0, 0x0000023fea569540, 0x0000023fea582960,
0x0000023fea583210, 0x0000023fea585ad0, 0x0000023fea5a9b10, 0x0000023fea5aa6f0,
0x0000023fea5b3130, 0x0000023fea5bf350, 0x0000023fee8bca60, 0x0000023fee8b9f10,
0x0000023fee8bd400, 0x0000023fee8bd8d0, 0x0000023fee8ba3e0, 0x0000023fee8bc0c0,
0x0000023fee8bc590, 0x0000023ff13a4dc0, 0x0000023ff13a5290, 0x0000023ff13a5760,
0x0000023ff13a65d0, 0x0000023feff00850, 0x0000023ff04b5220
}

Java Threads: ( => current thread )
  0x0000023fc77c88a0 JavaThread "main" [_thread_blocked, id=23996, stack(0x0000004217c00000,0x0000004217d00000)]
  0x0000023fea5689d0 JavaThread "Reference Handler" daemon [_thread_blocked, id=24560, stack(0x0000004218300000,0x0000004218400000)]
  0x0000023fea569540 JavaThread "Finalizer" daemon [_thread_blocked, id=11856, stack(0x0000004218400000,0x0000004218500000)]
  0x0000023fea582960 JavaThread "Signal Dispatcher" daemon [_thread_blocked, id=4120, stack(0x0000004218500000,0x0000004218600000)]
  0x0000023fea583210 JavaThread "Attach Listener" daemon [_thread_blocked, id=1852, stack(0x0000004218600000,0x0000004218700000)]
  0x0000023fea585ad0 JavaThread "Service Thread" daemon [_thread_blocked, id=3048, stack(0x0000004218700000,0x0000004218800000)]
  0x0000023fea5a9b10 JavaThread "Monitor Deflation Thread" daemon [_thread_blocked, id=11696, stack(0x0000004218800000,0x0000004218900000)]
  0x0000023fea5aa6f0 JavaThread "C2 CompilerThread0" daemon [_thread_in_native, id=19800, stack(0x0000004218900000,0x0000004218a00000)]
  0x0000023fea5b3130 JavaThread "C1 CompilerThread0" daemon [_thread_blocked, id=23808, stack(0x0000004218a00000,0x0000004218b00000)]
  0x0000023fea5bf350 JavaThread "Sweeper thread" daemon [_thread_blocked, id=21756, stack(0x0000004218b00000,0x0000004218c00000)]
  0x0000023fee8bca60 JavaThread "Common-Cleaner" daemon [_thread_blocked, id=15956, stack(0x0000004218c00000,0x0000004218d00000)]
  0x0000023fee8b9f10 JavaThread "Monitor Ctrl-Break" daemon [_thread_in_native, id=19248, stack(0x0000004218e00000,0x0000004218f00000)]
  0x0000023fee8bd400 JavaThread "Notification Thread" daemon [_thread_blocked, id=3948, stack(0x0000004218f00000,0x0000004219000000)]
  0x0000023fee8bd8d0 JavaThread "Thread-0" [_thread_blocked, id=10596, stack(0x0000004219100000,0x0000004219200000)]
  0x0000023fee8ba3e0 JavaThread "restartedMain" [_thread_in_vm, id=24504, stack(0x0000004219200000,0x0000004219300000)]
  0x0000023fee8bc0c0 JavaThread "Catalina-utility-1" [_thread_blocked, id=1924, stack(0x0000004219c00000,0x0000004219d00000)]
  0x0000023fee8bc590 JavaThread "Catalina-utility-2" [_thread_blocked, id=17616, stack(0x0000004219d00000,0x0000004219e00000)]
  0x0000023ff13a4dc0 JavaThread "container-0" [_thread_blocked, id=22092, stack(0x0000004219e00000,0x0000004219f00000)]
  0x0000023ff13a5290 JavaThread "mysql-cj-abandoned-connection-cleanup" daemon [_thread_blocked, id=272, stack(0x0000004219f00000,0x000000421a000000)]
  0x0000023ff13a5760 JavaThread "HikariPool-1 housekeeper" daemon [_thread_blocked, id=18632, stack(0x000000421a100000,0x000000421a200000)]
  0x0000023ff13a65d0 JavaThread "HikariPool-1 connection adder" daemon [_thread_blocked, id=19368, stack(0x000000421a200000,0x000000421a300000)]
  0x0000023feff00850 JavaThread "C2 CompilerThread1" daemon [_thread_in_vm, id=15272, stack(0x0000004218d00000,0x0000004218e00000)]
=>0x0000023ff04b5220 JavaThread "C2 CompilerThread2" daemon [_thread_in_native, id=14956, stack(0x0000004219b00000,0x0000004219c00000)]

Other Threads:
  0x0000023fc785ff30 VMThread "VM Thread" [stack: 0x0000004218200000,0x0000004218300000] [id=17656]
  0x0000023fc77c9840 WatcherThread "VM Periodic Task Thread" [stack: 0x0000004219000000,0x0000004219100000] [id=16528]
  0x0000023fc7837e50 WorkerThread "GC Thread#0" [stack: 0x0000004217d00000,0x0000004217e00000] [id=17936]
  0x0000023feeea6690 WorkerThread "GC Thread#1" [stack: 0x0000004219300000,0x0000004219400000] [id=20632]
  0x0000023feeea6930 WorkerThread "GC Thread#2" [stack: 0x0000004219400000,0x0000004219500000] [id=11772]
  0x0000023feeea6bd0 WorkerThread "GC Thread#3" [stack: 0x0000004219500000,0x0000004219600000] [id=23896]
  0x0000023fef3ead80 WorkerThread "GC Thread#4" [stack: 0x0000004219600000,0x0000004219700000] [id=16452]
  0x0000023fef3eb4a0 WorkerThread "GC Thread#5" [stack: 0x0000004219700000,0x0000004219800000] [id=14324]
  0x0000023fef6b3250 WorkerThread "GC Thread#6" [stack: 0x0000004219900000,0x0000004219a00000] [id=21080]
  0x0000023fef84ec10 WorkerThread "GC Thread#7" [stack: 0x0000004219a00000,0x0000004219b00000] [id=16696]
  0x0000023fc7848c40 ConcurrentGCThread "G1 Main Marker" [stack: 0x0000004217e00000,0x0000004217f00000] [id=15904]
  0x0000023fc7849dd0 WorkerThread "G1 Conc#0" [stack: 0x0000004217f00000,0x0000004218000000] [id=16404]
  0x0000023fefc832f0 WorkerThread "G1 Conc#1" [stack: 0x0000004219800000,0x0000004219900000] [id=22760]
  0x0000023fc787e610 ConcurrentGCThread "G1 Refine#0" [stack: 0x0000004218000000,0x0000004218100000] [id=22908]
  0x0000023fea41e160 ConcurrentGCThread "G1 Service" [stack: 0x0000004218100000,0x0000004218200000] [id=4968]

Threads with active compile tasks:
C2 CompilerThread0     6168 5181       4       org.springframework.core.annotation.AnnotationsScanner::getBaseTypeMethods (123 bytes)
C2 CompilerThread1     6168 5182       4       org.springframework.core.annotation.AnnotationsScanner::scan (21 bytes)
C2 CompilerThread2     6168 5183   !   4       org.springframework.core.annotation.AnnotationsScanner::processMethodHierarchy (276 bytes)

VM state: not at safepoint (normal execution)

VM Mutex/Monitor currently owned by a thread:  ([mutex/lock_event])
[0x0000023fc77c1330] Metaspace_lock - owner thread: 0x0000023fee8ba3e0

Heap address: 0x0000000701400000, size: 4076 MB, Compressed Oops mode: Zero based, Oop shift amount: 3

CDS archive(s) mapped at: [0x0000000800000000-0x0000000800b90000-0x0000000800b90000), size 12124160, SharedBaseAddress: 0x0000000800000000, ArchiveRelocationMode: 0.
Compressed class space mapped at: 0x0000000800c00000-0x0000000840c00000, reserved size: 1073741824
Narrow klass base: 0x0000000800000000, Narrow klass shift: 0, Narrow klass range: 0x100000000

GC Precious Log:
 CardTable entry size: 512
 Card Set container configuration: InlinePtr #cards 4 size 8 Array Of Cards #cards 16 size 48 Howl #buckets 8 coarsen threshold 3686 Howl Bitmap #cards 512 size 80 coarsen threshold 460 Card regions per heap region 1 cards per card region 4096
 CPUs: 8 total, 8 available
 Memory: 16300M
 Large Page Support: Disabled
 NUMA Support: Disabled
 Compressed Oops: Enabled (Zero based)
 Heap Region Size: 2M
 Heap Min Capacity: 8M
 Heap Initial Capacity: 256M
 Heap Max Capacity: 4076M
 Pre-touch: Disabled
 Parallel Workers: 8
 Concurrent Workers: 2
 Concurrent Refinement Workers: 8
 Periodic GC: Disabled

Heap:
 garbage-first heap   total 161792K, used 76057K [0x0000000701400000, 0x0000000800000000)
  region size 2048K, 30 young (61440K), 2 survivors (4096K)
 Metaspace       used 57142K, committed 57728K, reserved 1114112K
  class space    used 7489K, committed 7808K, reserved 1048576K

Heap Regions: E=young(eden), S=young(survivor), O=old, HS=humongous(starts), HC=humongous(continues), CS=collection set, F=free, OA=open archive, CA=closed archive, TAMS=top-at-mark-start (previous, next)
|   0|0x0000000701400000, 0x0000000701600000, 0x0000000701600000|100%| O|  |TAMS 0x0000000701600000, 0x0000000701400000| Untracked 
|   1|0x0000000701600000, 0x0000000701800000, 0x0000000701800000|100%| O|  |TAMS 0x0000000701800000, 0x0000000701600000| Untracked 
|   2|0x0000000701800000, 0x0000000701a00000, 0x0000000701a00000|100%| O|  |TAMS 0x0000000701a00000, 0x0000000701800000| Untracked 
|   3|0x0000000701a00000, 0x0000000701af8800, 0x0000000701c00000| 48%| O|  |TAMS 0x0000000701a00000, 0x0000000701a00000| Untracked 
|   4|0x0000000701c00000, 0x0000000701e00000, 0x0000000701e00000|100%| O|  |TAMS 0x0000000701e00000, 0x0000000701c00000| Untracked 
|   5|0x0000000701e00000, 0x0000000702000000, 0x0000000702000000|100%| O|  |TAMS 0x0000000702000000, 0x0000000701e00000| Untracked 
|   6|0x0000000702000000, 0x0000000702200000, 0x0000000702200000|100%| O|  |TAMS 0x0000000702200000, 0x0000000702000000| Untracked 
|   7|0x0000000702200000, 0x0000000702400000, 0x0000000702400000|100%| O|  |TAMS 0x0000000702400000, 0x0000000702200000| Untracked 
|   8|0x0000000702400000, 0x0000000702600000, 0x0000000702600000|100%| O|  |TAMS 0x000000070250b000, 0x0000000702400000| Untracked 
|   9|0x0000000702600000, 0x0000000702600000, 0x0000000702800000|  0%| F|  |TAMS 0x0000000702600000, 0x0000000702600000| Untracked 
|  10|0x0000000702800000, 0x0000000702800000, 0x0000000702a00000|  0%| F|  |TAMS 0x0000000702800000, 0x0000000702800000| Untracked 
|  11|0x0000000702a00000, 0x0000000702a00000, 0x0000000702c00000|  0%| F|  |TAMS 0x0000000702a00000, 0x0000000702a00000| Untracked 
|  12|0x0000000702c00000, 0x0000000702c00000, 0x0000000702e00000|  0%| F|  |TAMS 0x0000000702c00000, 0x0000000702c00000| Untracked 
|  13|0x0000000702e00000, 0x0000000702e00000, 0x0000000703000000|  0%| F|  |TAMS 0x0000000702e00000, 0x0000000702e00000| Untracked 
|  14|0x0000000703000000, 0x000000070314de90, 0x0000000703200000| 65%| S|CS|TAMS 0x0000000703000000, 0x0000000703000000| Complete 
|  15|0x0000000703200000, 0x0000000703400000, 0x0000000703400000|100%| S|CS|TAMS 0x0000000703200000, 0x0000000703200000| Complete 
|  16|0x0000000703400000, 0x0000000703400000, 0x0000000703600000|  0%| F|  |TAMS 0x0000000703400000, 0x0000000703400000| Untracked 
|  17|0x0000000703600000, 0x0000000703600000, 0x0000000703800000|  0%| F|  |TAMS 0x0000000703600000, 0x0000000703600000| Untracked 
|  18|0x0000000703800000, 0x0000000703800000, 0x0000000703a00000|  0%| F|  |TAMS 0x0000000703800000, 0x0000000703800000| Untracked 
|  19|0x0000000703a00000, 0x0000000703a00000, 0x0000000703c00000|  0%| F|  |TAMS 0x0000000703a00000, 0x0000000703a00000| Untracked 
|  20|0x0000000703c00000, 0x0000000703c00000, 0x0000000703e00000|  0%| F|  |TAMS 0x0000000703c00000, 0x0000000703c00000| Untracked 
|  21|0x0000000703e00000, 0x0000000703e00000, 0x0000000704000000|  0%| F|  |TAMS 0x0000000703e00000, 0x0000000703e00000| Untracked 
|  22|0x0000000704000000, 0x0000000704000000, 0x0000000704200000|  0%| F|  |TAMS 0x0000000704000000, 0x0000000704000000| Untracked 
|  23|0x0000000704200000, 0x0000000704200000, 0x0000000704400000|  0%| F|  |TAMS 0x0000000704200000, 0x0000000704200000| Untracked 
|  24|0x0000000704400000, 0x0000000704400000, 0x0000000704600000|  0%| F|  |TAMS 0x0000000704400000, 0x0000000704400000| Untracked 
|  25|0x0000000704600000, 0x0000000704600000, 0x0000000704800000|  0%| F|  |TAMS 0x0000000704600000, 0x0000000704600000| Untracked 
|  26|0x0000000704800000, 0x0000000704800000, 0x0000000704a00000|  0%| F|  |TAMS 0x0000000704800000, 0x0000000704800000| Untracked 
|  27|0x0000000704a00000, 0x0000000704a00000, 0x0000000704c00000|  0%| F|  |TAMS 0x0000000704a00000, 0x0000000704a00000| Untracked 
|  28|0x0000000704c00000, 0x0000000704c00000, 0x0000000704e00000|  0%| F|  |TAMS 0x0000000704c00000, 0x0000000704c00000| Untracked 
|  29|0x0000000704e00000, 0x0000000704e00000, 0x0000000705000000|  0%| F|  |TAMS 0x0000000704e00000, 0x0000000704e00000| Untracked 
|  30|0x0000000705000000, 0x0000000705000000, 0x0000000705200000|  0%| F|  |TAMS 0x0000000705000000, 0x0000000705000000| Untracked 
|  31|0x0000000705200000, 0x0000000705200000, 0x0000000705400000|  0%| F|  |TAMS 0x0000000705200000, 0x0000000705200000| Untracked 
|  32|0x0000000705400000, 0x0000000705400000, 0x0000000705600000|  0%| F|  |TAMS 0x0000000705400000, 0x0000000705400000| Untracked 
|  33|0x0000000705600000, 0x0000000705600000, 0x0000000705800000|  0%| F|  |TAMS 0x0000000705600000, 0x0000000705600000| Untracked 
|  34|0x0000000705800000, 0x0000000705800000, 0x0000000705a00000|  0%| F|  |TAMS 0x0000000705800000, 0x0000000705800000| Untracked 
|  35|0x0000000705a00000, 0x0000000705a00000, 0x0000000705c00000|  0%| F|  |TAMS 0x0000000705a00000, 0x0000000705a00000| Untracked 
|  36|0x0000000705c00000, 0x0000000705c00000, 0x0000000705e00000|  0%| F|  |TAMS 0x0000000705c00000, 0x0000000705c00000| Untracked 
|  37|0x0000000705e00000, 0x0000000705e00000, 0x0000000706000000|  0%| F|  |TAMS 0x0000000705e00000, 0x0000000705e00000| Untracked 
|  38|0x0000000706000000, 0x0000000706000000, 0x0000000706200000|  0%| F|  |TAMS 0x0000000706000000, 0x0000000706000000| Untracked 
|  39|0x0000000706200000, 0x0000000706200000, 0x0000000706400000|  0%| F|  |TAMS 0x0000000706200000, 0x0000000706200000| Untracked 
|  40|0x0000000706400000, 0x0000000706400000, 0x0000000706600000|  0%| F|  |TAMS 0x0000000706400000, 0x0000000706400000| Untracked 
|  41|0x0000000706600000, 0x0000000706600000, 0x0000000706800000|  0%| F|  |TAMS 0x0000000706600000, 0x0000000706600000| Untracked 
|  42|0x0000000706800000, 0x0000000706800000, 0x0000000706a00000|  0%| F|  |TAMS 0x0000000706800000, 0x0000000706800000| Untracked 
|  43|0x0000000706a00000, 0x0000000706a00000, 0x0000000706c00000|  0%| F|  |TAMS 0x0000000706a00000, 0x0000000706a00000| Untracked 
|  44|0x0000000706c00000, 0x0000000706c00000, 0x0000000706e00000|  0%| F|  |TAMS 0x0000000706c00000, 0x0000000706c00000| Untracked 
|  45|0x0000000706e00000, 0x0000000706e00000, 0x0000000707000000|  0%| F|  |TAMS 0x0000000706e00000, 0x0000000706e00000| Untracked 
|  46|0x0000000707000000, 0x0000000707000000, 0x0000000707200000|  0%| F|  |TAMS 0x0000000707000000, 0x0000000707000000| Untracked 
|  47|0x0000000707200000, 0x0000000707200000, 0x0000000707400000|  0%| F|  |TAMS 0x0000000707200000, 0x0000000707200000| Untracked 
|  48|0x0000000707400000, 0x0000000707400000, 0x0000000707600000|  0%| F|  |TAMS 0x0000000707400000, 0x0000000707400000| Untracked 
|  49|0x0000000707600000, 0x0000000707600000, 0x0000000707800000|  0%| F|  |TAMS 0x0000000707600000, 0x0000000707600000| Untracked 
|  50|0x0000000707800000, 0x0000000707800000, 0x0000000707a00000|  0%| F|  |TAMS 0x0000000707800000, 0x0000000707800000| Untracked 
|  51|0x0000000707a00000, 0x0000000707b58470, 0x0000000707c00000| 67%| E|  |TAMS 0x0000000707a00000, 0x0000000707a00000| Complete 
|  52|0x0000000707c00000, 0x0000000707e00000, 0x0000000707e00000|100%| E|CS|TAMS 0x0000000707c00000, 0x0000000707c00000| Complete 
|  53|0x0000000707e00000, 0x0000000708000000, 0x0000000708000000|100%| E|CS|TAMS 0x0000000707e00000, 0x0000000707e00000| Complete 
|  54|0x0000000708000000, 0x0000000708200000, 0x0000000708200000|100%| E|CS|TAMS 0x0000000708000000, 0x0000000708000000| Complete 
|  55|0x0000000708200000, 0x0000000708400000, 0x0000000708400000|100%| E|CS|TAMS 0x0000000708200000, 0x0000000708200000| Complete 
|  56|0x0000000708400000, 0x0000000708600000, 0x0000000708600000|100%| E|CS|TAMS 0x0000000708400000, 0x0000000708400000| Complete 
|  57|0x0000000708600000, 0x0000000708800000, 0x0000000708800000|100%| E|CS|TAMS 0x0000000708600000, 0x0000000708600000| Complete 
|  58|0x0000000708800000, 0x0000000708a00000, 0x0000000708a00000|100%| E|CS|TAMS 0x0000000708800000, 0x0000000708800000| Complete 
|  59|0x0000000708a00000, 0x0000000708c00000, 0x0000000708c00000|100%| E|CS|TAMS 0x0000000708a00000, 0x0000000708a00000| Complete 
|  60|0x0000000708c00000, 0x0000000708e00000, 0x0000000708e00000|100%| E|CS|TAMS 0x0000000708c00000, 0x0000000708c00000| Complete 
|  61|0x0000000708e00000, 0x0000000709000000, 0x0000000709000000|100%| E|CS|TAMS 0x0000000708e00000, 0x0000000708e00000| Complete 
|  62|0x0000000709000000, 0x0000000709200000, 0x0000000709200000|100%| E|CS|TAMS 0x0000000709000000, 0x0000000709000000| Complete 
|  63|0x0000000709200000, 0x0000000709400000, 0x0000000709400000|100%| E|CS|TAMS 0x0000000709200000, 0x0000000709200000| Complete 
|  64|0x0000000709400000, 0x0000000709600000, 0x0000000709600000|100%| E|CS|TAMS 0x0000000709400000, 0x0000000709400000| Complete 
|  65|0x0000000709600000, 0x0000000709800000, 0x0000000709800000|100%| E|CS|TAMS 0x0000000709600000, 0x0000000709600000| Complete 
|  66|0x0000000709800000, 0x0000000709a00000, 0x0000000709a00000|100%| E|CS|TAMS 0x0000000709800000, 0x0000000709800000| Complete 
|  67|0x0000000709a00000, 0x0000000709c00000, 0x0000000709c00000|100%| E|CS|TAMS 0x0000000709a00000, 0x0000000709a00000| Complete 
|  68|0x0000000709c00000, 0x0000000709e00000, 0x0000000709e00000|100%| E|CS|TAMS 0x0000000709c00000, 0x0000000709c00000| Complete 
|  69|0x0000000709e00000, 0x000000070a000000, 0x000000070a000000|100%| E|CS|TAMS 0x0000000709e00000, 0x0000000709e00000| Complete 
|  70|0x000000070a000000, 0x000000070a200000, 0x000000070a200000|100%| E|CS|TAMS 0x000000070a000000, 0x000000070a000000| Complete 
|  71|0x000000070a200000, 0x000000070a400000, 0x000000070a400000|100%| E|CS|TAMS 0x000000070a200000, 0x000000070a200000| Complete 
|  72|0x000000070a400000, 0x000000070a600000, 0x000000070a600000|100%| E|CS|TAMS 0x000000070a400000, 0x000000070a400000| Complete 
|  73|0x000000070a600000, 0x000000070a800000, 0x000000070a800000|100%| E|CS|TAMS 0x000000070a600000, 0x000000070a600000| Complete 
|  95|0x000000070d200000, 0x000000070d400000, 0x000000070d400000|100%| E|CS|TAMS 0x000000070d200000, 0x000000070d200000| Complete 
|  96|0x000000070d400000, 0x000000070d600000, 0x000000070d600000|100%| E|CS|TAMS 0x000000070d400000, 0x000000070d400000| Complete 
|  97|0x000000070d600000, 0x000000070d800000, 0x000000070d800000|100%| E|CS|TAMS 0x000000070d600000, 0x000000070d600000| Complete 
|  98|0x000000070d800000, 0x000000070da00000, 0x000000070da00000|100%| E|CS|TAMS 0x000000070d800000, 0x000000070d800000| Complete 
| 127|0x0000000711200000, 0x0000000711400000, 0x0000000711400000|100%| E|CS|TAMS 0x0000000711200000, 0x0000000711200000| Complete 

Card table byte_map: [0x0000023fdec20000,0x0000023fdf420000] _byte_map_base: 0x0000023fdb416000

Marking Bits (Prev, Next): (CMBitMap*) 0x0000023fc7838450, (CMBitMap*) 0x0000023fc7838490
 Prev Bits: [0x0000023fdfc20000, 0x0000023fe3bd0000)
 Next Bits: [0x0000023fe3bd0000, 0x0000023fe7b80000)

Polling page: 0x0000023fc6f80000

Metaspace:

Usage:
  Non-class:     48.49 MB used.
      Class:      7.31 MB used.
       Both:     55.80 MB used.

Virtual space:
  Non-class space:       64.00 MB reserved,      48.75 MB ( 76%) committed,  1 nodes.
      Class space:        1.00 GB reserved,       7.62 MB ( <1%) committed,  1 nodes.
             Both:        1.06 GB reserved,      56.38 MB (  5%) committed. 

Chunk freelists:
   Non-Class:  2.42 MB
       Class:  432.00 KB
        Both:  2.84 MB

MaxMetaspaceSize: unlimited
CompressedClassSpaceSize: 1.00 GB
Initial GC threshold: 21.00 MB
Current GC threshold: 59.00 MB
CDS: on
MetaspaceReclaimPolicy: balanced
 - commit_granule_bytes: 65536.
 - commit_granule_words: 8192.
 - virtual_space_node_default_size: 8388608.
 - enlarge_chunks_in_place: 1.
 - new_chunks_are_fully_committed: 0.
 - uncommit_free_chunks: 1.
 - use_allocation_guard: 0.


Internal statistics:

num_allocs_failed_limit: 6.
num_arena_births: 806.
num_arena_deaths: 0.
num_vsnodes_births: 2.
num_vsnodes_deaths: 0.
num_space_committed: 902.
num_space_uncommitted: 0.
num_chunks_returned_to_freelist: 6.
num_chunks_taken_from_freelist: 2796.
num_chunk_merges: 6.
num_chunk_splits: 2029.
num_chunks_enlarged: 1620.
num_inconsistent_stats: 0.

CodeHeap 'non-profiled nmethods': size=120000Kb used=2612Kb max_used=3044Kb free=117387Kb
 bounds [0x0000023fd6bc0000, 0x0000023fd6ec0000, 0x0000023fde0f0000]
CodeHeap 'profiled nmethods': size=120000Kb used=8719Kb max_used=10694Kb free=111280Kb
 bounds [0x0000023fcf690000, 0x0000023fd0110000, 0x0000023fd6bc0000]
CodeHeap 'non-nmethods': size=5760Kb used=1327Kb max_used=1366Kb free=4432Kb
 bounds [0x0000023fcf0f0000, 0x0000023fcf360000, 0x0000023fcf690000]
 total_blobs=5033 nmethods=4388 adapters=557
 compilation: enabled
              stopped_count=0, restarted_count=0
 full_count=0

Compilation events (20 events):
Event: 6.113 Thread 0x0000023fea5b3130 nmethod 5210 0x0000023fcf6bfe90 code [0x0000023fcf6c0200, 0x0000023fcf6c1c78]
Event: 6.113 Thread 0x0000023fea5b3130 5211       3       sun.reflect.generics.reflectiveObjects.ParameterizedTypeImpl::getRawType (5 bytes)
Event: 6.114 Thread 0x0000023fea5b3130 nmethod 5211 0x0000023fcf802a90 code [0x0000023fcf802c20, 0x0000023fcf802d58]
Event: 6.114 Thread 0x0000023fea5b3130 5213       3       org.springframework.core.MethodParameter::validateIndex (31 bytes)
Event: 6.114 Thread 0x0000023ff04b5220 5183   !   4       org.springframework.core.annotation.AnnotationsScanner::processMethodHierarchy (276 bytes)
Event: 6.114 Thread 0x0000023fea5b3130 nmethod 5213 0x0000023fcf730490 code [0x0000023fcf7306e0, 0x0000023fcf7310d8]
Event: 6.114 Thread 0x0000023fea5b3130 5214       3       org.springframework.core.MethodParameter$$Lambda$179/0x0000000800d1a660::<init> (10 bytes)
Event: 6.115 Thread 0x0000023fea5b3130 nmethod 5214 0x0000023fcf931310 code [0x0000023fcf9314a0, 0x0000023fcf931618]
Event: 6.115 Thread 0x0000023fea5b3130 5212       3       java.lang.invoke.LambdaForm$DMH/0x0000000800c38400::invokeInterface (25 bytes)
Event: 6.115 Thread 0x0000023fea5b3130 nmethod 5212 0x0000023fcf769710 code [0x0000023fcf769900, 0x0000023fcf76a0c8]
Event: 6.115 Thread 0x0000023fea5b3130 5209       3       sun.reflect.generics.reflectiveObjects.ParameterizedTypeImpl::<init> (35 bytes)
Event: 6.115 Thread 0x0000023fea5b3130 nmethod 5209 0x0000023fcf877490 code [0x0000023fcf877660, 0x0000023fcf8779b8]
Event: 6.118 Thread 0x0000023fea5b3130 5218       3       java.util.concurrent.ConcurrentLinkedDeque::linkFirst (114 bytes)
Event: 6.122 Thread 0x0000023fea5b3130 nmethod 5218 0x0000023fcf9fe710 code [0x0000023fcf9fec20, 0x0000023fcfa01528]
Event: 6.122 Thread 0x0000023fea5b3130 5217       3       java.util.concurrent.ConcurrentLinkedDeque::newNode (18 bytes)
Event: 6.123 Thread 0x0000023fea5b3130 nmethod 5217 0x0000023fcf789810 code [0x0000023fcf789a60, 0x0000023fcf78a3d8]
Event: 6.133 Thread 0x0000023fea5b3130 5219       3       org.springframework.core.convert.support.GenericConversionService$ConverterAdapter::<init> (41 bytes)
Event: 6.134 Thread 0x0000023fea5b3130 nmethod 5219 0x0000023fcf91c110 code [0x0000023fcf91c340, 0x0000023fcf91cf78]
Event: 6.134 Thread 0x0000023fea5b3130 5220       3       org.springframework.core.convert.support.GenericConversionService$ConverterAdapter::getConvertibleTypes (8 bytes)
Event: 6.135 Thread 0x0000023fea5b3130 nmethod 5220 0x0000023fcf7f3b90 code [0x0000023fcf7f3d60, 0x0000023fcf7f4118]

GC Heap History (16 events):
Event: 0.711 GC heap before
{Heap before GC invocations=0 (full 0):
 garbage-first heap   total 262144K, used 20480K [0x0000000701400000, 0x0000000800000000)
  region size 2048K, 11 young (22528K), 0 survivors (0K)
 Metaspace       used 4816K, committed 4992K, reserved 1114112K
  class space    used 537K, committed 576K, reserved 1048576K
}
Event: 0.717 GC heap after
{Heap after GC invocations=1 (full 0):
 garbage-first heap   total 262144K, used 6593K [0x0000000701400000, 0x0000000800000000)
  region size 2048K, 2 young (4096K), 2 survivors (4096K)
 Metaspace       used 4816K, committed 4992K, reserved 1114112K
  class space    used 537K, committed 576K, reserved 1048576K
}
Event: 1.264 GC heap before
{Heap before GC invocations=1 (full 0):
 garbage-first heap   total 262144K, used 31169K [0x0000000701400000, 0x0000000800000000)
  region size 2048K, 15 young (30720K), 2 survivors (4096K)
 Metaspace       used 11846K, committed 12160K, reserved 1114112K
  class space    used 1386K, committed 1536K, reserved 1048576K
}
Event: 1.268 GC heap after
{Heap after GC invocations=2 (full 0):
 garbage-first heap   total 262144K, used 8814K [0x0000000701400000, 0x0000000800000000)
  region size 2048K, 2 young (4096K), 2 survivors (4096K)
 Metaspace       used 11846K, committed 12160K, reserved 1114112K
  class space    used 1386K, committed 1536K, reserved 1048576K
}
Event: 2.357 GC heap before
{Heap before GC invocations=2 (full 0):
 garbage-first heap   total 262144K, used 60014K [0x0000000701400000, 0x0000000800000000)
  region size 2048K, 29 young (59392K), 2 survivors (4096K)
 Metaspace       used 21258K, committed 21504K, reserved 1114112K
  class space    used 2547K, committed 2688K, reserved 1048576K
}
Event: 2.363 GC heap after
{Heap after GC invocations=3 (full 0):
 garbage-first heap   total 262144K, used 12948K [0x0000000701400000, 0x0000000800000000)
  region size 2048K, 4 young (8192K), 4 survivors (8192K)
 Metaspace       used 21258K, committed 21504K, reserved 1114112K
  class space    used 2547K, committed 2688K, reserved 1048576K
}
Event: 3.092 GC heap before
{Heap before GC invocations=4 (full 0):
 garbage-first heap   total 61440K, used 41620K [0x0000000701400000, 0x0000000800000000)
  region size 2048K, 18 young (36864K), 4 survivors (8192K)
 Metaspace       used 25646K, committed 26112K, reserved 1114112K
  class space    used 3231K, committed 3456K, reserved 1048576K
}
Event: 3.099 GC heap after
{Heap after GC invocations=5 (full 0):
 garbage-first heap   total 61440K, used 15830K [0x0000000701400000, 0x0000000800000000)
  region size 2048K, 2 young (4096K), 2 survivors (4096K)
 Metaspace       used 25646K, committed 26112K, reserved 1114112K
  class space    used 3231K, committed 3456K, reserved 1048576K
}
Event: 3.174 GC heap before
{Heap before GC invocations=5 (full 0):
 garbage-first heap   total 61440K, used 17878K [0x0000000701400000, 0x0000000800000000)
  region size 2048K, 3 young (6144K), 2 survivors (4096K)
 Metaspace       used 26274K, committed 26752K, reserved 1114112K
  class space    used 3298K, committed 3520K, reserved 1048576K
}
Event: 3.176 GC heap after
{Heap after GC invocations=6 (full 0):
 garbage-first heap   total 61440K, used 16088K [0x0000000701400000, 0x0000000800000000)
  region size 2048K, 1 young (2048K), 1 survivors (2048K)
 Metaspace       used 26274K, committed 26752K, reserved 1114112K
  class space    used 3298K, committed 3520K, reserved 1048576K
}
Event: 3.650 GC heap before
{Heap before GC invocations=6 (full 0):
 garbage-first heap   total 61440K, used 38616K [0x0000000701400000, 0x0000000800000000)
  region size 2048K, 13 young (26624K), 1 survivors (2048K)
 Metaspace       used 30817K, committed 31296K, reserved 1114112K
  class space    used 3749K, committed 3968K, reserved 1048576K
}
Event: 3.652 GC heap after
{Heap after GC invocations=7 (full 0):
 garbage-first heap   total 61440K, used 17442K [0x0000000701400000, 0x0000000800000000)
  region size 2048K, 1 young (2048K), 1 survivors (2048K)
 Metaspace       used 30817K, committed 31296K, reserved 1114112K
  class space    used 3749K, committed 3968K, reserved 1048576K
}
Event: 4.130 GC heap before
{Heap before GC invocations=7 (full 0):
 garbage-first heap   total 61440K, used 37922K [0x0000000701400000, 0x0000000800000000)
  region size 2048K, 12 young (24576K), 1 survivors (2048K)
 Metaspace       used 35449K, committed 35968K, reserved 1114112K
  class space    used 4428K, committed 4672K, reserved 1048576K
}
Event: 4.133 GC heap after
{Heap after GC invocations=8 (full 0):
 garbage-first heap   total 61440K, used 18671K [0x0000000701400000, 0x0000000800000000)
  region size 2048K, 2 young (4096K), 2 survivors (4096K)
 Metaspace       used 35449K, committed 35968K, reserved 1114112K
  class space    used 4428K, committed 4672K, reserved 1048576K
}
Event: 4.787 GC heap before
{Heap before GC invocations=9 (full 0):
 garbage-first heap   total 61440K, used 43247K [0x0000000701400000, 0x0000000800000000)
  region size 2048K, 14 young (28672K), 2 survivors (4096K)
 Metaspace       used 42394K, committed 42880K, reserved 1114112K
  class space    used 5390K, committed 5632K, reserved 1048576K
}
Event: 4.791 GC heap after
{Heap after GC invocations=10 (full 0):
 garbage-first heap   total 161792K, used 20761K [0x0000000701400000, 0x0000000800000000)
  region size 2048K, 2 young (4096K), 2 survivors (4096K)
 Metaspace       used 42394K, committed 42880K, reserved 1114112K
  class space    used 5390K, committed 5632K, reserved 1048576K
}

Deoptimization events (20 events):
Event: 6.030 Thread 0x0000023fee8ba3e0 Uncommon trap: trap_request=0xfffffff4 fr.pc=0x0000023fd6e59320 relative=0x0000000000000300
Event: 6.030 Thread 0x0000023fee8ba3e0 Uncommon trap: reason=null_check action=make_not_entrant pc=0x0000023fd6e59320 method=sun.invoke.util.VerifyType.isNullConversion(Ljava/lang/Class;Ljava/lang/Class;Z)Z @ 67 c2
Event: 6.030 Thread 0x0000023fee8ba3e0 DEOPT PACKING pc=0x0000023fd6e59320 sp=0x00000042192fc320
Event: 6.030 Thread 0x0000023fee8ba3e0 DEOPT UNPACKING pc=0x0000023fcf1423a3 sp=0x00000042192fc2a0 mode 2
Event: 6.035 Thread 0x0000023fee8ba3e0 Uncommon trap: trap_request=0xffffff45 fr.pc=0x0000023fd6d33890 relative=0x0000000000001110
Event: 6.035 Thread 0x0000023fee8ba3e0 Uncommon trap: reason=unstable_if action=reinterpret pc=0x0000023fd6d33890 method=org.springframework.core.ResolvableType.resolveClass()Ljava/lang/Class; @ 38 c2
Event: 6.035 Thread 0x0000023fee8ba3e0 DEOPT PACKING pc=0x0000023fd6d33890 sp=0x00000042192fc5a0
Event: 6.035 Thread 0x0000023fee8ba3e0 DEOPT UNPACKING pc=0x0000023fcf1423a3 sp=0x00000042192fc488 mode 2
Event: 6.078 Thread 0x0000023fee8ba3e0 Uncommon trap: trap_request=0xffffff45 fr.pc=0x0000023fd6d787c4 relative=0x0000000000000e24
Event: 6.078 Thread 0x0000023fee8ba3e0 Uncommon trap: reason=unstable_if action=reinterpret pc=0x0000023fd6d787c4 method=java.util.concurrent.ConcurrentHashMap.putVal(Ljava/lang/Object;Ljava/lang/Object;Z)Ljava/lang/Object; @ 401 c2
Event: 6.078 Thread 0x0000023fee8ba3e0 DEOPT PACKING pc=0x0000023fd6d787c4 sp=0x00000042192fc9e0
Event: 6.078 Thread 0x0000023fee8ba3e0 DEOPT UNPACKING pc=0x0000023fcf1423a3 sp=0x00000042192fc980 mode 2
Event: 6.079 Thread 0x0000023fee8ba3e0 Uncommon trap: trap_request=0xffffff45 fr.pc=0x0000023fd6dd8f9c relative=0x000000000000027c
Event: 6.079 Thread 0x0000023fee8ba3e0 Uncommon trap: reason=unstable_if action=reinterpret pc=0x0000023fd6dd8f9c method=java.util.concurrent.ConcurrentHashMap.get(Ljava/lang/Object;)Ljava/lang/Object; @ 86 c2
Event: 6.079 Thread 0x0000023fee8ba3e0 DEOPT PACKING pc=0x0000023fd6dd8f9c sp=0x00000042192fca90
Event: 6.079 Thread 0x0000023fee8ba3e0 DEOPT UNPACKING pc=0x0000023fcf1423a3 sp=0x00000042192fc9f8 mode 2
Event: 6.085 Thread 0x0000023fee8ba3e0 Uncommon trap: trap_request=0xffffff45 fr.pc=0x0000023fd6d805b4 relative=0x0000000000005b54
Event: 6.085 Thread 0x0000023fee8ba3e0 Uncommon trap: reason=unstable_if action=reinterpret pc=0x0000023fd6d805b4 method=org.springframework.beans.factory.support.AbstractBeanFactory.isTypeMatch(Ljava/lang/String;Lorg/springframework/core/ResolvableType;Z)Z @ 79 c2
Event: 6.085 Thread 0x0000023fee8ba3e0 DEOPT PACKING pc=0x0000023fd6d805b4 sp=0x00000042192fc920
Event: 6.085 Thread 0x0000023fee8ba3e0 DEOPT UNPACKING pc=0x0000023fcf1423a3 sp=0x00000042192fc908 mode 2

Classes loaded (20 events):
Event: 5.181 Loading class java/util/concurrent/CompletableFuture$AsynchronousCompletionTask done
Event: 5.181 Loading class java/util/concurrent/CompletableFuture$Completion done
Event: 5.225 Loading class java/util/concurrent/CancellationException
Event: 5.225 Loading class java/util/concurrent/CancellationException done
Event: 5.467 Loading class java/time/Clock$TickClock
Event: 5.467 Loading class java/time/Clock$TickClock done
Event: 5.510 Loading class java/util/ArrayList$ListItr
Event: 5.510 Loading class java/util/ArrayList$ListItr done
Event: 5.667 Loading class java/lang/reflect/AnnotatedArrayType
Event: 5.667 Loading class java/lang/reflect/AnnotatedArrayType done
Event: 6.002 Loading class javax/naming/Reference
Event: 6.003 Loading class javax/naming/Reference done
Event: 6.033 Loading class java/lang/SafeVarargs
Event: 6.033 Loading class java/lang/SafeVarargs done
Event: 6.034 Loading class sun/reflect/generics/reflectiveObjects/GenericArrayTypeImpl
Event: 6.034 Loading class sun/reflect/generics/reflectiveObjects/GenericArrayTypeImpl done
Event: 6.078 Loading class java/util/concurrent/ConcurrentHashMap$TreeNode
Event: 6.078 Loading class java/util/concurrent/ConcurrentHashMap$TreeNode done
Event: 6.078 Loading class java/util/concurrent/ConcurrentHashMap$TreeBin
Event: 6.078 Loading class java/util/concurrent/ConcurrentHashMap$TreeBin done

Classes unloaded (0 events):
No events

Classes redefined (0 events):
No events

Internal exceptions (20 events):
Event: 5.463 Thread 0x0000023fee8ba3e0 Exception <a 'java/lang/NoSuchMethodError'{0x0000000709637b20}: 'java.lang.Object java.lang.invoke.DirectMethodHandle$Holder.invokeStaticInit(java.lang.Object, int)'> (0x0000000709637b20) 
thrown [s\open\src\hotspot\share\interpreter\linkResolver.cpp, line 766]
Event: 5.802 Thread 0x0000023fee8ba3e0 Exception <a 'java/lang/NoSuchMethodError'{0x0000000708a9be18}: 'void java.lang.invoke.DirectMethodHandle$Holder.invokeInterface(java.lang.Object, java.lang.Object, int, java.lang.Object)'> (0x0000000708a9be18) 
thrown [s\open\src\hotspot\share\interpreter\linkResolver.cpp, line 766]
Event: 5.807 Thread 0x0000023fee8ba3e0 Exception <a 'java/lang/NoSuchMethodError'{0x0000000708ac0d98}: 'java.lang.Object java.lang.invoke.DirectMethodHandle$Holder.newInvokeSpecial(java.lang.Object, java.lang.Object, int, java.lang.Object)'> (0x0000000708ac0d98) 
thrown [s\open\src\hotspot\share\interpreter\linkResolver.cpp, line 766]
Event: 5.808 Thread 0x0000023fee8ba3e0 Exception <a 'java/lang/NoSuchMethodError'{0x0000000708ac4970}: 'java.lang.Object java.lang.invoke.Invokers$Holder.linkToTargetMethod(java.lang.Object, int, java.lang.Object, java.lang.Object)'> (0x0000000708ac4970) 
thrown [s\open\src\hotspot\share\interpreter\linkResolver.cpp, line 766]
Event: 5.827 Thread 0x0000023fee8ba3e0 Exception <a 'java/lang/NoSuchMethodError'{0x0000000708b98f60}: 'void java.lang.invoke.DirectMethodHandle$Holder.invokeSpecial(java.lang.Object, java.lang.Object, java.lang.Object, java.lang.Object, java.lang.Object, java.lang.Object, java.lang.Object, java.lang.Object)'> (0x0000000708b98f60) 
thrown [s\open\src\hotspot\share\interpreter\linkResolver.cpp, line 766]
Event: 5.832 Thread 0x0000023fee8ba3e0 Exception <a 'java/lang/NoSuchMethodError'{0x0000000708bd5d70}: 'void java.lang.invoke.DirectMethodHandle$Holder.invokeSpecial(java.lang.Object, java.lang.Object, int, java.lang.Object)'> (0x0000000708bd5d70) 
thrown [s\open\src\hotspot\share\interpreter\linkResolver.cpp, line 766]
Event: 5.833 Thread 0x0000023fee8ba3e0 Exception <a 'java/lang/NoSuchMethodError'{0x0000000708bdcbc0}: 'java.lang.Object java.lang.invoke.DirectMethodHandle$Holder.newInvokeSpecial(java.lang.Object, java.lang.Object, int)'> (0x0000000708bdcbc0) 
thrown [s\open\src\hotspot\share\interpreter\linkResolver.cpp, line 766]
Event: 5.861 Thread 0x0000023fee8ba3e0 Exception <a 'java/lang/NoSuchMethodError'{0x000000070894c048}: 'java.lang.Object java.lang.invoke.DirectMethodHandle$Holder.newInvokeSpecial(java.lang.Object, java.lang.Object, java.lang.Object, java.lang.Object, java.lang.Object, int, java.lang.Object)'> (0x000000070894c048) 
thrown [s\open\src\hotspot\share\interpreter\linkResolver.cpp, line 766]
Event: 5.865 Thread 0x0000023fee8ba3e0 Exception <a 'java/lang/NoSuchMethodError'{0x000000070898e028}: 'java.lang.Object java.lang.invoke.DirectMethodHandle$Holder.newInvokeSpecial(java.lang.Object, java.lang.Object, java.lang.Object, java.lang.Object, java.lang.Object, java.lang.Object, java.lang.Object, java.lang.Object, java.lang.Object, java.lang.Object, java.lang.Object, java.lang.Object)'> (0x000000070898e028) 
thrown [s\open\src\hotspot\share\interpreter\linkResolver.cpp, line 766]
Event: 5.865 Thread 0x0000023fee8ba3e0 Exception <a 'java/lang/NoSuchMethodError'{0x0000000708992ad0}: 'java.lang.Object java.lang.invoke.DirectMethodHandle$Holder.invokeSpecial(java.lang.Object, java.lang.Object, java.lang.Object, java.lang.Object, java.lang.Object, java.lang.Object, java.lang.Object, java.lang.Object, java.lang.Object, java.lang.Object, java.lang.Object, java.lang.Object, java.lang.Object)'> (0x0000000708992ad0) 
thrown [s\open\src\hotspot\share\interpreter\linkResolver.cpp, line 766]
Event: 5.865 Thread 0x0000023fee8ba3e0 Exception <a 'java/lang/NoSuchMethodError'{0x00000007089971e8}: 'java.lang.Object java.lang.invoke.Invokers$Holder.linkToTargetMethod(java.lang.Object, java.lang.Object, java.lang.Object, java.lang.Object, java.lang.Object, java.lang.Object, java.lang.Object, java.lang.Object, java.lang.Object, java.lang.Object, java.lang.Object, java.lang.Object)'> (0x00000007089971e8) 
thrown [s\open\src\hotspot\share\interpreter\linkResolver.cpp, line 766]
Event: 5.907 Thread 0x0000023fee8ba3e0 Exception <a 'java/lang/NoSuchMethodError'{0x0000000708785638}: 'java.lang.Object java.lang.invoke.DirectMethodHandle$Holder.newInvokeSpecial(java.lang.Object, java.lang.Object, java.lang.Object, java.lang.Object, java.lang.Object, java.lang.Object, java.lang.Object, int)'> (0x0000000708785638) 
thrown [s\open\src\hotspot\share\interpreter\linkResolver.cpp, line 766]
Event: 5.907 Thread 0x0000023fee8ba3e0 Exception <a 'java/lang/NoSuchMethodError'{0x000000070878a638}: 'java.lang.Object java.lang.invoke.DirectMethodHandle$Holder.invokeSpecial(java.lang.Object, java.lang.Object, java.lang.Object, java.lang.Object, java.lang.Object, java.lang.Object, java.lang.Object, java.lang.Object, int)'> (0x000000070878a638) 
thrown [s\open\src\hotspot\share\interpreter\linkResolver.cpp, line 766]
Event: 5.907 Thread 0x0000023fee8ba3e0 Exception <a 'java/lang/NoSuchMethodError'{0x000000070878f100}: 'java.lang.Object java.lang.invoke.Invokers$Holder.linkToTargetMethod(java.lang.Object, java.lang.Object, java.lang.Object, java.lang.Object, java.lang.Object, java.lang.Object, int, java.lang.Object)'> (0x000000070878f100) 
thrown [s\open\src\hotspot\share\interpreter\linkResolver.cpp, line 766]
Event: 5.927 Thread 0x0000023fee8ba3e0 Exception <a 'java/lang/NoSuchMethodError'{0x00000007084536c0}: 'void java.lang.invoke.DirectMethodHandle$Holder.invokeInterface(java.lang.Object, java.lang.Object)'> (0x00000007084536c0) 
thrown [s\open\src\hotspot\share\interpreter\linkResolver.cpp, line 766]
Event: 6.008 Thread 0x0000023fee8ba3e0 Exception <a 'java/lang/NoSuchMethodError'{0x00000007083f3d68}: 'void java.lang.invoke.Invokers$Holder.invokeExact_MT(java.lang.Object, java.lang.Object, java.lang.Object, java.lang.Object)'> (0x00000007083f3d68) 
thrown [s\open\src\hotspot\share\interpreter\linkResolver.cpp, line 766]
Event: 6.030 Thread 0x0000023fee8ba3e0 Implicit null exception at 0x0000023fd6e590d1 to 0x0000023fd6e5930c
Event: 6.078 Thread 0x0000023fee8ba3e0 Exception <a 'java/lang/IncompatibleClassChangeError'{0x0000000707fe3b10}: Found class java.lang.Object, but interface was expected> (0x0000000707fe3b10) 
thrown [s\open\src\hotspot\share\interpreter\linkResolver.cpp, line 833]
Event: 6.087 Thread 0x0000023fee8ba3e0 Exception <a 'java/lang/IncompatibleClassChangeError'{0x0000000707c5dc38}: Found class java.lang.Object, but interface was expected> (0x0000000707c5dc38) 
thrown [s\open\src\hotspot\share\interpreter\linkResolver.cpp, line 833]
Event: 6.127 Thread 0x0000023fee8ba3e0 Exception <a 'java/lang/IncompatibleClassChangeError'{0x0000000707dc14b8}: Found class java.lang.Object, but interface was expected> (0x0000000707dc14b8) 
thrown [s\open\src\hotspot\share\interpreter\linkResolver.cpp, line 833]

VM Operations (20 events):
Event: 5.502 Executing VM operation: HandshakeAllThreads
Event: 5.503 Executing VM operation: HandshakeAllThreads done
Event: 5.506 Executing VM operation: HandshakeAllThreads
Event: 5.506 Executing VM operation: HandshakeAllThreads done
Event: 5.511 Executing VM operation: HandshakeAllThreads
Event: 5.511 Executing VM operation: HandshakeAllThreads done
Event: 5.685 Executing VM operation: ICBufferFull
Event: 5.685 Executing VM operation: ICBufferFull done
Event: 5.701 Executing VM operation: HandshakeAllThreads
Event: 5.701 Executing VM operation: HandshakeAllThreads done
Event: 5.731 Executing VM operation: HandshakeAllThreads
Event: 5.731 Executing VM operation: HandshakeAllThreads done
Event: 5.762 Executing VM operation: HandshakeAllThreads
Event: 5.762 Executing VM operation: HandshakeAllThreads done
Event: 5.988 Executing VM operation: HandshakeAllThreads
Event: 5.988 Executing VM operation: HandshakeAllThreads done
Event: 6.004 Executing VM operation: ICBufferFull
Event: 6.005 Executing VM operation: ICBufferFull done
Event: 6.015 Executing VM operation: HandshakeAllThreads
Event: 6.015 Executing VM operation: HandshakeAllThreads done

Events (20 events):
Event: 6.021 Thread 0x0000023fea5bf350 flushing nmethod 0x0000023fcff22c10
Event: 6.021 Thread 0x0000023fea5bf350 flushing nmethod 0x0000023fcff2be90
Event: 6.021 Thread 0x0000023fea5bf350 flushing nmethod 0x0000023fcff2f890
Event: 6.021 Thread 0x0000023fea5bf350 flushing nmethod 0x0000023fcff35490
Event: 6.022 Thread 0x0000023fea5bf350 flushing nmethod 0x0000023fcff6b910
Event: 6.022 Thread 0x0000023feff00850 Thread added: 0x0000023feff00850
Event: 6.022 Thread 0x0000023fea5bf350 flushing nmethod 0x0000023fcffccf90
Event: 6.022 Thread 0x0000023fea5bf350 flushing nmethod 0x0000023fcffd0090
Event: 6.022 Thread 0x0000023fea5bf350 flushing nmethod 0x0000023fcffdaf10
Event: 6.022 Thread 0x0000023fea5bf350 flushing nmethod 0x0000023fcffdb990
Event: 6.022 Thread 0x0000023fea5bf350 flushing nmethod 0x0000023fcffe2390
Event: 6.023 Thread 0x0000023fea5bf350 flushing nmethod 0x0000023fd0047b10
Event: 6.023 Thread 0x0000023fea5bf350 flushing nmethod 0x0000023fd0066610
Event: 6.023 Thread 0x0000023fea5bf350 flushing nmethod 0x0000023fd006b990
Event: 6.023 Thread 0x0000023fea5bf350 flushing nmethod 0x0000023fd006e490
Event: 6.023 Thread 0x0000023fea5bf350 flushing nmethod 0x0000023fd00ad190
Event: 6.023 Thread 0x0000023fea5bf350 flushing nmethod 0x0000023fd00b2810
Event: 6.023 Thread 0x0000023fea5bf350 flushing nmethod 0x0000023fd00b7990
Event: 6.023 Thread 0x0000023fea5bf350 flushing nmethod 0x0000023fd00b8510
Event: 6.113 Thread 0x0000023ff04b5220 Thread added: 0x0000023ff04b5220


Dynamic libraries:
0x00007ff7cacb0000 - 0x00007ff7cacbe000 	C:\Program Files\Java\jdk-18.0.1.1\bin\java.exe
0x00007ff986170000 - 0x00007ff986368000 	C:\WINDOWS\SYSTEM32\ntdll.dll
0x00007ff985bd0000 - 0x00007ff985c91000 	C:\WINDOWS\System32\KERNEL32.DLL
0x00007ff983d40000 - 0x00007ff98403d000 	C:\WINDOWS\System32\KERNELBASE.dll
0x00007ff9839f0000 - 0x00007ff983af0000 	C:\WINDOWS\System32\ucrtbase.dll
0x00007ff97e710000 - 0x00007ff97e727000 	C:\Program Files\Java\jdk-18.0.1.1\bin\jli.dll
0x00007ff94efa0000 - 0x00007ff94efba000 	C:\Program Files\Java\jdk-18.0.1.1\bin\VCRUNTIME140.dll
0x00007ff9854a0000 - 0x00007ff98563d000 	C:\WINDOWS\System32\USER32.dll
0x00007ff9839c0000 - 0x00007ff9839e2000 	C:\WINDOWS\System32\win32u.dll
0x00007ff95c180000 - 0x00007ff95c41a000 	C:\WINDOWS\WinSxS\amd64_microsoft.windows.common-controls_6595b64144ccf1df_6.0.19041.4355_none_60b8b9eb71f62e16\COMCTL32.dll
0x00007ff984c40000 - 0x00007ff984c6b000 	C:\WINDOWS\System32\GDI32.dll
0x00007ff984a50000 - 0x00007ff984aee000 	C:\WINDOWS\System32\msvcrt.dll
0x00007ff983870000 - 0x00007ff983987000 	C:\WINDOWS\System32\gdi32full.dll
0x00007ff983ca0000 - 0x00007ff983d3d000 	C:\WINDOWS\System32\msvcp_win.dll
0x00007ff9856d0000 - 0x00007ff9856ff000 	C:\WINDOWS\System32\IMM32.DLL
0x00007ff97e700000 - 0x00007ff97e70c000 	C:\Program Files\Java\jdk-18.0.1.1\bin\vcruntime140_1.dll
0x00007ff942c00000 - 0x00007ff942c8d000 	C:\Program Files\Java\jdk-18.0.1.1\bin\msvcp140.dll
0x00007ff913ef0000 - 0x00007ff914b00000 	C:\Program Files\Java\jdk-18.0.1.1\bin\server\jvm.dll
0x00007ff985ac0000 - 0x00007ff985b70000 	C:\WINDOWS\System32\ADVAPI32.dll
0x00007ff9841a0000 - 0x00007ff984240000 	C:\WINDOWS\System32\sechost.dll
0x00007ff9858e0000 - 0x00007ff985a03000 	C:\WINDOWS\System32\RPCRT4.dll
0x00007ff983990000 - 0x00007ff9839b7000 	C:\WINDOWS\System32\bcrypt.dll
0x00007ff984240000 - 0x00007ff984248000 	C:\WINDOWS\System32\PSAPI.DLL
0x00007ff9634a0000 - 0x00007ff9634a9000 	C:\WINDOWS\SYSTEM32\WSOCK32.dll
0x00007ff97d900000 - 0x00007ff97d90a000 	C:\WINDOWS\SYSTEM32\VERSION.dll
0x00007ff984af0000 - 0x00007ff984b5b000 	C:\WINDOWS\System32\WS2_32.dll
0x00007ff9766d0000 - 0x00007ff9766f7000 	C:\WINDOWS\SYSTEM32\WINMM.dll
0x00007ff982030000 - 0x00007ff982042000 	C:\WINDOWS\SYSTEM32\kernel.appcore.dll
0x00007ff96ed20000 - 0x00007ff96ed2a000 	C:\Program Files\Java\jdk-18.0.1.1\bin\jimage.dll
0x00007ff979360000 - 0x00007ff979544000 	C:\WINDOWS\SYSTEM32\DBGHELP.DLL
0x00007ff979260000 - 0x00007ff979294000 	C:\WINDOWS\SYSTEM32\dbgcore.DLL
0x00007ff983b60000 - 0x00007ff983be2000 	C:\WINDOWS\System32\bcryptPrimitives.dll
0x00007ff96d200000 - 0x00007ff96d20e000 	C:\Program Files\Java\jdk-18.0.1.1\bin\instrument.dll
0x00007ff94d7a0000 - 0x00007ff94d7c5000 	C:\Program Files\Java\jdk-18.0.1.1\bin\java.dll
0x00007ff933e30000 - 0x00007ff933f06000 	C:\Program Files\Java\jdk-18.0.1.1\bin\jsvml.dll
0x00007ff984d30000 - 0x00007ff98549f000 	C:\WINDOWS\System32\SHELL32.dll
0x00007ff981780000 - 0x00007ff981f23000 	C:\WINDOWS\SYSTEM32\windows.storage.dll
0x00007ff985dd0000 - 0x00007ff986123000 	C:\WINDOWS\System32\combase.dll
0x00007ff983250000 - 0x00007ff98327e000 	C:\WINDOWS\SYSTEM32\Wldp.dll
0x00007ff985d00000 - 0x00007ff985dcd000 	C:\WINDOWS\System32\OLEAUT32.dll
0x00007ff984c80000 - 0x00007ff984d2d000 	C:\WINDOWS\System32\SHCORE.dll
0x00007ff985820000 - 0x00007ff985875000 	C:\WINDOWS\System32\shlwapi.dll
0x00007ff983750000 - 0x00007ff983774000 	C:\WINDOWS\SYSTEM32\profapi.dll
0x00007ff94c600000 - 0x00007ff94c618000 	C:\Program Files\Java\jdk-18.0.1.1\bin\zip.dll
0x00007ff94d990000 - 0x00007ff94d9a3000 	C:\Program Files\Java\jdk-18.0.1.1\bin\net.dll
0x00007ff979d20000 - 0x00007ff979e2d000 	C:\WINDOWS\SYSTEM32\WINHTTP.dll
0x00007ff982f60000 - 0x00007ff982fca000 	C:\WINDOWS\system32\mswsock.dll
0x00007ff94d780000 - 0x00007ff94d796000 	C:\Program Files\Java\jdk-18.0.1.1\bin\nio.dll
0x00007ff965160000 - 0x00007ff96517a000 	C:\Program Files\JetBrains\IntelliJ IDEA Community Edition 2022.1.1\bin\breakgen64.dll
0x00007ff96d1f0000 - 0x00007ff96d1f9000 	C:\Program Files\Java\jdk-18.0.1.1\bin\management.dll
0x00007ff9668c0000 - 0x00007ff9668cb000 	C:\Program Files\Java\jdk-18.0.1.1\bin\management_ext.dll
0x00007ff965150000 - 0x00007ff96515e000 	C:\Program Files\Java\jdk-18.0.1.1\bin\sunmscapi.dll
0x00007ff984040000 - 0x00007ff98419c000 	C:\WINDOWS\System32\CRYPT32.dll
0x00007ff9832c0000 - 0x00007ff9832e9000 	C:\WINDOWS\SYSTEM32\ncrypt.dll
0x00007ff983280000 - 0x00007ff9832bb000 	C:\WINDOWS\SYSTEM32\NTASN1.dll
0x00007ff983120000 - 0x00007ff983138000 	C:\WINDOWS\SYSTEM32\CRYPTSP.dll
0x00007ff982820000 - 0x00007ff982854000 	C:\WINDOWS\system32\rsaenh.dll
0x00007ff983710000 - 0x00007ff98373e000 	C:\WINDOWS\SYSTEM32\USERENV.dll
0x00007ff983140000 - 0x00007ff98314c000 	C:\WINDOWS\SYSTEM32\CRYPTBASE.dll
0x00007ff982c10000 - 0x00007ff982c4b000 	C:\WINDOWS\SYSTEM32\IPHLPAPI.DLL
0x00007ff984c70000 - 0x00007ff984c78000 	C:\WINDOWS\System32\NSI.dll
0x00007ff9796a0000 - 0x00007ff9796b7000 	C:\WINDOWS\SYSTEM32\dhcpcsvc6.DLL
0x00007ff97a5c0000 - 0x00007ff97a5dd000 	C:\WINDOWS\SYSTEM32\dhcpcsvc.DLL
0x00007ff982c60000 - 0x00007ff982d2a000 	C:\WINDOWS\SYSTEM32\DNSAPI.dll
0x00007ff958610000 - 0x00007ff958620000 	C:\Program Files\Java\jdk-18.0.1.1\bin\verify.dll
0x0000000063c60000 - 0x0000000063c86000 	C:\Program Files\Bonjour\mdnsNSP.dll
0x00007ff97bf30000 - 0x00007ff97bf3a000 	C:\Windows\System32\rasadhlp.dll
0x00007ff977110000 - 0x00007ff977190000 	C:\WINDOWS\System32\fwpuclnt.dll

dbghelp: loaded successfully - version: 4.0.5 - missing functions: none
symbol engine: initialized successfully - sym options: 0x614 - pdb path: .;C:\Program Files\Java\jdk-18.0.1.1\bin;C:\WINDOWS\SYSTEM32;C:\WINDOWS\WinSxS\amd64_microsoft.windows.common-controls_6595b64144ccf1df_6.0.19041.4355_none_60b8b9eb71f62e16;C:\Program Files\Java\jdk-18.0.1.1\bin\server;C:\Program Files\JetBrains\IntelliJ IDEA Community Edition 2022.1.1\bin;C:\Program Files\Bonjour

VM Arguments:
jvm_args: -javaagent:C:\Program Files\JetBrains\IntelliJ IDEA Community Edition 2022.1.1\lib\idea_rt.jar=65032:C:\Program Files\JetBrains\IntelliJ IDEA Community Edition 2022.1.1\bin -Dfile.encoding=UTF-8 
java_command: gm.mafer.MaferApplicationWeb
java_class_path (initial): D:\DESARROLLO\ESBA\CUATRIMESTRE 4\03 MARTES - INTEGRACION DE SISTEMAS - PP\TESIS\MaferSpringRestWeb_v2\target\classes;C:\Users\Jorge\.m2\repository\org\springframework\boot\spring-boot-starter-data-jpa\3.3.3\spring-boot-starter-data-jpa-3.3.3.jar;C:\Users\Jorge\.m2\repository\org\springframework\boot\spring-boot-starter-aop\3.3.3\spring-boot-starter-aop-3.3.3.jar;C:\Users\Jorge\.m2\repository\org\springframework\spring-aop\6.1.12\spring-aop-6.1.12.jar;C:\Users\Jorge\.m2\repository\org\aspectj\aspectjweaver\1.9.22.1\aspectjweaver-1.9.22.1.jar;C:\Users\Jorge\.m2\repository\org\springframework\boot\spring-boot-starter-jdbc\3.3.3\spring-boot-starter-jdbc-3.3.3.jar;C:\Users\Jorge\.m2\repository\com\zaxxer\HikariCP\5.1.0\HikariCP-5.1.0.jar;C:\Users\Jorge\.m2\repository\org\springframework\spring-jdbc\6.1.12\spring-jdbc-6.1.12.jar;C:\Users\Jorge\.m2\repository\org\hibernate\orm\hibernate-core\6.5.2.Final\hibernate-core-6.5.2.Final.jar;C:\Users\Jorge\.m2\repository\jakarta\persistence\jakarta.persistence-api\3.1.0\jakarta.persistence-api-3.1.0.jar;C:\Users\Jorge\.m2\repository\jakarta\transaction\jakarta.transaction-api\2.0.1\jakarta.transaction-api-2.0.1.jar;C:\Users\Jorge\.m2\repository\org\jboss\logging\jboss-logging\3.5.3.Final\jboss-logging-3.5.3.Final.jar;C:\Users\Jorge\.m2\repository\org\hibernate\common\hibernate-commons-annotations\6.0.6.Final\hibernate-commons-annotations-6.0.6.Final.jar;C:\Users\Jorge\.m2\repository\io\smallrye\jandex\3.1.2\jandex-3.1.2.jar;C:\Users\Jorge\.m2\repository\com\fasterxml\classmate\1.7.0\classmate-1.7.0.jar;C:\Users\Jorge\.m2\repository\net\bytebuddy\byte-buddy\1.14.19\byte-buddy-1.14.19.jar;C:\Users\Jorge\.m2\repository\org\glassfish\jaxb\jaxb-runtime\4.0.5\jaxb-runtime-4.0.5.jar;C:\Users\Jorge\.m2\repository\org\glassfish\jaxb\jaxb-core\4.0.5\jaxb-core-4.0.5.jar;C:\Users\Jorge\.m2\repository\org\eclipse\angus\angus-activation\2.0.2\angus-activation-2.0.2.jar;C:\Users\Jorge\.m2\repository\org\glassfish\jaxb\txw2\4.0.5\txw2-4.0.5.jar;C:\Users\Jorge\.m2\repository\com\sun\istack\istack-commons-runtime\4.1.2\istack-commons-runtime-4.1.2.jar;C:\Users\Jorge\.m2\repository\jakarta\inject\jakarta.inject-api\2.0.1\jakarta.inject-api-2.0.1.jar;C:\Users\Jorge\.m2\repository\org\antlr\antlr4-runtime\4.13.0\antlr4-runtime-4.13.0.jar;C:\Users\Jorge\.m2\repository\org\springframework\data\spring-data-jpa\3.3.3\spring-data-jpa-3.3.3.jar;C:\Users\Jorge\.m2\repository\org\springframework\data\spring-data-commons\3.3.3\spring-data-commons-3.3.3.jar;C:\Users\Jorge\.m2\repository\org\springframework\spring-orm\6.1.12\spring-orm-6.1.12.jar;C:\Users\Jorge\.m2\repository\org\springframework\spring-context\6.1.12\spring-context-6.1.12.jar;C:\Users\Jorge\.m2\repository\org\springframework\spring-tx\6.1.12\spring-tx-6.1.12.jar;C:\Users\Jorge\.m2\repository\org\springframework\spring-beans\6.1.12\spring-beans-6.1.12.jar;C:\Users\Jorge\.m2\repository\org\slf4j\slf4j-api\2.0.16\slf4j-api-2.0.16.jar;C:\Users\Jorge\.m2\repository\org\springframework\spring-aspects\6.1.12\spring-aspects-6.1.12.jar;C:\Users\Jorge\.m2\repository\org\springframework\boot\spring-boot-starter-web\3.3.3\spring-boot-starter-web-3.3.3.jar;C:\Users\Jorge\.m2\repository\org\springframework\boot\spring-boot-starter\3.3.3\spring-boot-starter-3.3.3.jar;C:\Users\Jorge\.m2\repository\org\springframework\boot\spring-boot-starter-logging\3.3.3\spring-boot-starter-logging-3.3.3.jar;C:\Users\Jorge\.m2\repository\ch\qos\logback\logback-classic\1.5.7\logback-classic-1.5.7.jar;C:\Users\Jorge\.m2\repository\ch\qos\logback\logback-core\1.5.7\logback-core-1.5.7.jar;C:\Users\Jorge\.m2\repository\org\apache\logging\log4j\log4j-to-slf4j\2.23.1\log4j-to-slf4j-2.23.1.jar;C:\Users\Jorge\.m2\repository\org\apache\logging\log4j\log4j-api\2.23.1\log4j-api-2.23.1.jar;C:\Users\Jorge\.m2\repository\org\slf4j\jul-to-slf4j\2.0.16\jul-to-slf4j-2.0.16.jar;C:\Users\Jorge\.m2\repository\org\yaml\snakeyaml\2.2\snakeyaml-2.2.jar;C:\Users\Jorge\.m2\repository\org\springframework\boot\spring-boot-starter-json\3.3.3\spring-boot-starter-json-3.3.3.jar;C:\Users\Jorge\.m2\repository\com\fasterxml\jackson\datatype\jackson-datatype-jdk8\2.17.2\jackson-datatype-jdk8-2.17.2.jar;C:\Users\Jorge\.m2\repository\com\fasterxml\jackson\datatype\jackson-datatype-jsr310\2.17.2\jackson-datatype-jsr310-2.17.2.jar;C:\Users\Jorge\.m2\repository\com\fasterxml\jackson\module\jackson-module-parameter-names\2.17.2\jackson-module-parameter-names-2.17.2.jar;C:\Users\Jorge\.m2\repository\org\springframework\spring-web\6.1.12\spring-web-6.1.12.jar;C:\Users\Jorge\.m2\repository\io\micrometer\micrometer-observation\1.13.3\micrometer-observation-1.13.3.jar;C:\Users\Jorge\.m2\repository\io\micrometer\micrometer-commons\1.13.3\micrometer-commons-1.13.3.jar;C:\Users\Jorge\.m2\repository\org\springframework\spring-webmvc\6.1.12\spring-webmvc-6.1.12.jar;C:\Users\Jorge\.m2\repository\org\springframework\spring-expression\6.1.12\spring-expression-6.1.12.jar;C:\Users\Jorge\.m2\repository\org\springframework\boot\spring-boot-devtools\3.3.3\spring-boot-devtools-3.3.3.jar;C:\Users\Jorge\.m2\repository\org\springframework\boot\spring-boot\3.3.3\spring-boot-3.3.3.jar;C:\Users\Jorge\.m2\repository\org\springframework\boot\spring-boot-autoconfigure\3.3.3\spring-boot-autoconfigure-3.3.3.jar;C:\Users\Jorge\.m2\repository\com\mysql\mysql-connector-j\8.3.0\mysql-connector-j-8.3.0.jar;C:\Users\Jorge\.m2\repository\org\projectlombok\lombok\1.18.34\lombok-1.18.34.jar;C:\Users\Jorge\.m2\repository\jakarta\annotation\jakarta.annotation-api\2.1.1\jakarta.annotation-api-2.1.1.jar;C:\Users\Jorge\.m2\repository\org\apache\tomcat\embed\tomcat-embed-el\10.1.28\tomcat-embed-el-10.1.28.jar;C:\Users\Jorge\.m2\repository\org\springframework\spring-core\6.1.12\spring-core-6.1.12.jar;C:\Users\Jorge\.m2\repository\org\springframework\spring-jcl\6.1.12\spring-jcl-6.1.12.jar;C:\Users\Jorge\.m2\repository\org\apache\tomcat\embed\tomcat-embed-core\10.1.28\tomcat-embed-core-10.1.28.jar;C:\Users\Jorge\.m2\repository\org\apache\tomcat\tomcat-annotations-api\10.1.28\tomcat-annotations-api-10.1.28.jar;C:\Users\Jorge\.m2\repository\org\apache\tomcat\embed\tomcat-embed-jasper\10.1.28\tomcat-embed-jasper-10.1.28.jar;C:\Users\Jorge\.m2\repository\org\eclipse\jdt\ecj\3.33.0\ecj-3.33.0.jar;C:\Users\Jorge\.m2\repository\org\apache\tomcat\tomcat-jasper\10.1.28\tomcat-jasper-10.1.28.jar;C:\Users\Jorge\.m2\repository\org\apache\tomcat\tomcat-servlet-api\10.1.28\tomcat-servlet-api-10.1.28.jar;C:\Users\Jorge\.m2\repository\org\apache\tomcat\tomcat-juli\10.1.28\tomcat-juli-10.1.28.jar;C:\Users\Jorge\.m2\repository\org\apache\tomcat\tomcat-el-api\10.1.28\tomcat-el-api-10.1.28.jar;C:\Users\Jorge\.m2\repository\org\apache\tomcat\tomcat-api\10.1.28\tomcat-api-10.1.28.jar;C:\Users\Jorge\.m2\repository\org\apache\tomcat\tomcat-util-scan\10.1.28\tomcat-util-scan-10.1.28.jar;C:\Users\Jorge\.m2\repository\org\apache\tomcat\tomcat-util\10.1.28\tomcat-util-10.1.28.jar;C:\Users\Jorge\.m2\repository\org\apache\tomcat\tomcat-jasper-el\10.1.28\tomcat-jasper-el-10.1.28.jar;C:\Users\Jorge\.m2\repository\org\apache\tomcat\tomcat-jsp-api\10.1.28\tomcat-jsp-api-10.1.28.jar;C:\Users\Jorge\.m2\repository\io\jsonwebtoken\jjwt\0.9.1\jjwt-0.9.1.jar;C:\Users\Jorge\.m2\repository\com\fasterxml\jackson\core\jackson-databind\2.17.2\jackson-databind-2.17.2.jar;C:\Users\Jorge\.m2\repository\com\fasterxml\jackson\core\jackson-annotations\2.17.2\jackson-annotations-2.17.2.jar;C:\Users\Jorge\.m2\repository\com\fasterxml\jackson\core\jackson-core\2.17.2\jackson-core-2.17.2.jar;C:\Users\Jorge\.m2\repository\jakarta\xml\bind\jakarta.xml.bind-api\4.0.0\jakarta.xml.bind-api-4.0.0.jar;C:\Users\Jorge\.m2\repository\jakarta\activation\jakarta.activation-api\2.1.3\jakarta.activation-api-2.1.3.jar
Launcher Type: SUN_STANDARD

[Global flags]
     intx CICompilerCount                          = 4                                         {product} {ergonomic}
     uint ConcGCThreads                            = 2                                         {product} {ergonomic}
     uint G1ConcRefinementThreads                  = 8                                         {product} {ergonomic}
   size_t G1HeapRegionSize                         = 2097152                                   {product} {ergonomic}
    uintx GCDrainStackTargetSize                   = 64                                        {product} {ergonomic}
   size_t InitialHeapSize                          = 268435456                                 {product} {ergonomic}
   size_t MarkStackSize                            = 4194304                                   {product} {ergonomic}
   size_t MaxHeapSize                              = 4273995776                                {product} {ergonomic}
   size_t MaxNewSize                               = 2562719744                                {product} {ergonomic}
   size_t MinHeapDeltaBytes                        = 2097152                                   {product} {ergonomic}
   size_t MinHeapSize                              = 8388608                                   {product} {ergonomic}
    uintx NonNMethodCodeHeapSize                   = 5839372                                {pd product} {ergonomic}
    uintx NonProfiledCodeHeapSize                  = 122909434                              {pd product} {ergonomic}
    uintx ProfiledCodeHeapSize                     = 122909434                              {pd product} {ergonomic}
    uintx ReservedCodeCacheSize                    = 251658240                              {pd product} {ergonomic}
     bool SegmentedCodeCache                       = true                                      {product} {ergonomic}
   size_t SoftMaxHeapSize                          = 4273995776                             {manageable} {ergonomic}
     bool UseCompressedClassPointers               = true                           {product lp64_product} {ergonomic}
     bool UseCompressedOops                        = true                           {product lp64_product} {ergonomic}
     bool UseG1GC                                  = true                                      {product} {ergonomic}
     bool UseLargePagesIndividualAllocation        = false                                  {pd product} {ergonomic}

Logging:
Log output configuration:
 #0: stdout all=warning uptime,level,tags foldmultilines=false
 #1: stderr all=off uptime,level,tags foldmultilines=false

Environment Variables:
JAVA_HOME=C:\Program Files\Java\jdk-21
PATH=C:\Program Files\Common Files\Oracle\Java\javapath;C:\Program Files (x86)\Common Files\Oracle\Java\java8path;C:\Program Files (x86)\Common Files\Oracle\Java\javapath;C:\Program Files (x86)\Common Files\Intel\Shared Libraries\redist\intel64_win\compiler;C:\Program Files (x86)\Intel\iCLS Client\;C:\Program Files\Intel\iCLS Client\;C:\Windows\system32;C:\Windows;C:\Windows\System32\Wbem;C:\Windows\System32\WindowsPowerShell\v1.0\;C:\Program Files (x86)\NVIDIA Corporation\PhysX\Common;C:\Program Files (x86)\Intel\Intel(R) Management Engine Components\DAL;C:\Program Files\Intel\Intel(R) Management Engine Components\DAL;C:\Program Files (x86)\Intel\Intel(R) Management Engine Components\IPT;C:\Program Files\Intel\Intel(R) Management Engine Components\IPT;C:\Program Files\Intel\WiFi\bin\;C:\Program Files\Common Files\Intel\WirelessCommon\;C:\WINDOWS\system32;C:\WINDOWS;C:\WINDOWS\System32\Wbem;C:\WINDOWS\System32\WindowsPowerShell\v1.0\;C:\Program Files\dotnet\;C:\WINDOWS\System32\OpenSSH\;C:\Program Files\Microsoft SQL Server\140\Tools\Binn\;C:\Program Files\Microsoft SQL Server\130\Tools\Binn\;C:\Program Files\NVIDIA Corporation\NVIDIA NvDLISR;C:\WINDOWS\system32;C:\WINDOWS;C:\WINDOWS\System32\Wbem;C:\WINDOWS\System32\WindowsPowerShell\v1.0\;C:\WINDOWS\System32\OpenSSH\;C:\Program Files\Java\jdk-19\bin;C:\Program Files\Java\jdk-21\bin;C:\Program Files\Git\cmd;C:\Program Files (x86)\Microsoft SQL Server\90\Tools\binn\;C:\Program Files\Docker\Docker\resources\bin;C:\xampp\php;C:\Program Files\Java\jdk-21\bin;C:\Users\Jorge\AppData\Local\GitHubDesktop\bin;C:\Users\Jorge\AppData\Local\Programs\Microsoft VS Code\bin;C:\Users\Jorge\.dotnet\tools
USERNAME=Jorge
OS=Windows_NT
PROCESSOR_IDENTIFIER=Intel64 Family 6 Model 158 Stepping 9, GenuineIntel



---------------  S Y S T E M  ---------------

OS:
 Windows 10 , 64 bit Build 19041 (10.0.19041.4842)
OS uptime: 0 days 8:28 hours
Hyper-V role detected

CPU: total 8 (initial active 8) (4 cores per cpu, 2 threads per core) family 6 model 158 stepping 9 microcode 0xb4, cx8, cmov, fxsr, ht, mmx, 3dnowpref, sse, sse2, sse3, ssse3, sse4.1, sse4.2, popcnt, lzcnt, tsc, tscinvbit, avx, avx2, aes, erms, clmul, bmi1, bmi2, adx, fma, vzeroupper, clflush, clflushopt, hv

Memory: 4k page, system-wide physical 16300M (888M free)
TotalPageFile size 24300M (AvailPageFile size 3M)
current process WorkingSet (physical memory assigned to process): 267M, peak: 267M
current process commit charge ("private bytes"): 367M, peak: 408M

vm_info: OpenJDK 64-Bit Server VM (18.0.1.1+2-6) for windows-amd64 JRE (18.0.1.1+2-6), built on Apr 25 2022 21:50:56 by "mach5one" with MS VC++ 16.8 / 16.9 (VS2019)

END.
